[22:54:15] 28800 frames at 1920x1080
[22:54:15] tile 224px (resized to 224 for the model), stride 112, 153 tiles/frame
[22:54:15] production centre crop would sit at (848, 428)
[22:54:52]   100/28800 frames, 2.7 fps, ~175.2 min left
[22:55:28]   200/28800 frames, 2.7 fps, ~173.9 min left
[22:56:04]   300/28800 frames, 2.7 fps, ~173.2 min left
[22:56:41]   400/28800 frames, 2.7 fps, ~172.7 min left
[22:57:18]   500/28800 frames, 2.7 fps, ~172.4 min left
[22:57:54]   600/28800 frames, 2.7 fps, ~171.5 min left
[22:58:30]   700/28800 frames, 2.7 fps, ~170.5 min left
[22:59:06]   800/28800 frames, 2.8 fps, ~169.7 min left
[22:59:42]   900/28800 frames, 2.8 fps, ~169.0 min left
[23:00:18] 000999.jpg tile=(896,448) offset=(48, 20) repair-heal (out) (0.999)
[23:00:18]   1000/28800 frames, 2.8 fps, ~168.3 min left
[23:00:18] 001000.jpg tile=(896,448) offset=(48, 20) repair-heal (out) (0.999)
[23:00:19] 001001.jpg tile=(896,448) offset=(48, 20) repair-heal (out) (1.000)
[23:00:19] 001002.jpg tile=(896,448) offset=(48, 20) repair-heal (out) (1.000)
[23:00:20] 001003.jpg tile=(896,448) offset=(48, 20) repair-heal (out) (1.000)
[23:00:20] 001004.jpg tile=(896,448) offset=(48, 20) repair-heal (out) (0.999)
[23:00:20] 001005.jpg tile=(896,448) offset=(48, 20) repair-heal (out) (1.000)
[23:00:21] 001006.jpg tile=(896,448) offset=(48, 20) repair-heal (out) (1.000)
[23:00:21] 001007.jpg tile=(896,448) offset=(48, 20) repair-heal (out) (1.000)
[23:00:22] 001008.jpg tile=(896,448) offset=(48, 20) repair-heal (out) (1.000)
[23:00:22] 001009.jpg tile=(896,448) offset=(48, 20) repair-heal (out) (1.000)
[23:00:23] 001010.jpg tile=(896,448) offset=(48, 20) repair-heal (ante-frontier) (0.997)
[23:00:23] 001011.jpg tile=(896,448) offset=(48, 20) repair-heal (great) (0.999)
[23:00:23] 001012.jpg tile=(896,448) offset=(48, 20) repair-heal (great) (0.999)
[23:00:24] 001013.jpg tile=(896,448) offset=(48, 20) repair-heal (great) (0.999)
[23:00:24] 001014.jpg tile=(896,448) offset=(48, 20) repair-heal (great) (0.999)
[23:00:25] 001015.jpg tile=(896,448) offset=(48, 20) repair-heal (great) (0.999)
[23:00:25] 001016.jpg tile=(896,448) offset=(48, 20) repair-heal (great) (0.999)
[23:00:25] 001017.jpg tile=(896,448) offset=(48, 20) repair-heal (great) (1.000)
[23:00:26] 001018.jpg tile=(896,448) offset=(48, 20) repair-heal (great) (0.999)
[23:00:55]   1100/28800 frames, 2.7 fps, ~168.1 min left
[23:01:32]   1200/28800 frames, 2.7 fps, ~167.4 min left
[23:02:08]   1300/28800 frames, 2.7 fps, ~166.7 min left
[23:02:45]   1400/28800 frames, 2.7 fps, ~166.3 min left
[23:03:22]   1500/28800 frames, 2.7 fps, ~165.9 min left
[23:04:00]   1600/28800 frames, 2.7 fps, ~165.8 min left
[23:04:38]   1700/28800 frames, 2.7 fps, ~165.7 min left
[23:05:16]   1800/28800 frames, 2.7 fps, ~165.2 min left
[23:05:53]   1900/28800 frames, 2.7 fps, ~164.7 min left
[23:05:53] 001900.jpg tile=(896,448) offset=(48, 20) repair-heal (out) (0.999)
[23:05:54] 001901.jpg tile=(896,448) offset=(48, 20) repair-heal (out) (1.000)
[23:05:54] 001902.jpg tile=(896,448) offset=(48, 20) repair-heal (out) (1.000)
[23:05:55] 001903.jpg tile=(896,448) offset=(48, 20) repair-heal (out) (1.000)
[23:05:55] 001904.jpg tile=(896,448) offset=(48, 20) repair-heal (out) (1.000)
[23:05:55] 001905.jpg tile=(896,448) offset=(48, 20) repair-heal (out) (1.000)
[23:05:56] 001906.jpg tile=(896,448) offset=(48, 20) repair-heal (out) (1.000)
[23:05:56] 001907.jpg tile=(896,448) offset=(48, 20) repair-heal (out) (1.000)
[23:05:57] 001908.jpg tile=(896,448) offset=(48, 20) repair-heal (out) (0.999)
[23:05:57] 001909.jpg tile=(896,448) offset=(48, 20) repair-heal (ante-frontier) (0.999)
[23:05:58] 001910.jpg tile=(896,448) offset=(48, 20) repair-heal (great) (1.000)
[23:05:58] 001911.jpg tile=(896,448) offset=(48, 20) repair-heal (great) (1.000)
[23:05:58] 001912.jpg tile=(896,448) offset=(48, 20) repair-heal (great) (1.000)
[23:05:59] 001913.jpg tile=(896,448) offset=(48, 20) repair-heal (great) (1.000)
[23:05:59] 001914.jpg tile=(896,448) offset=(48, 20) repair-heal (great) (1.000)
[23:06:00] 001915.jpg tile=(896,448) offset=(48, 20) repair-heal (great) (1.000)
[23:06:00] 001916.jpg tile=(896,448) offset=(48, 20) repair-heal (great) (1.000)
[23:06:00] 001917.jpg tile=(896,448) offset=(48, 20) repair-heal (great) (1.000)
[23:06:01] 001918.jpg tile=(896,448) offset=(48, 20) repair-heal (great) (1.000)
[23:06:30]   2000/28800 frames, 2.7 fps, ~164.3 min left
[23:07:07]   2100/28800 frames, 2.7 fps, ~163.6 min left
[23:07:44]   2200/28800 frames, 2.7 fps, ~163.1 min left
[23:08:21]   2300/28800 frames, 2.7 fps, ~162.4 min left
[23:08:57]   2400/28800 frames, 2.7 fps, ~161.8 min left
[23:09:34]   2500/28800 frames, 2.7 fps, ~161.2 min left
[23:10:10]   2600/28800 frames, 2.7 fps, ~160.5 min left
[23:10:46]   2700/28800 frames, 2.7 fps, ~159.7 min left
[23:11:22]   2800/28800 frames, 2.7 fps, ~159.0 min left
[23:11:58]   2900/28800 frames, 2.7 fps, ~158.2 min left
[23:12:34]   3000/28800 frames, 2.7 fps, ~157.5 min left
[23:13:09]   3100/28800 frames, 2.7 fps, ~156.8 min left
[23:13:45]   3200/28800 frames, 2.7 fps, ~156.0 min left
[23:14:21]   3300/28800 frames, 2.7 fps, ~155.3 min left
[23:14:57]   3400/28800 frames, 2.7 fps, ~154.7 min left
[23:15:33]   3500/28800 frames, 2.7 fps, ~154.0 min left
[23:16:10]   3600/28800 frames, 2.7 fps, ~153.4 min left
[23:16:47]   3700/28800 frames, 2.7 fps, ~152.9 min left
[23:17:24]   3800/28800 frames, 2.7 fps, ~152.3 min left
[23:18:00]   3900/28800 frames, 2.7 fps, ~151.7 min left
[23:18:37]   4000/28800 frames, 2.7 fps, ~151.1 min left
[23:19:13]   4100/28800 frames, 2.7 fps, ~150.5 min left
[23:19:33] 004153.jpg tile=(0,448) offset=(-848, 20) repair-heal (out) (0.962)
[23:19:43] 004180.jpg tile=(0,448) offset=(-848, 20) full black (out) (0.905)
[23:19:45] 004186.jpg tile=(0,448) offset=(-848, 20) repair-heal (out) (0.907)
[23:19:47] 004191.jpg tile=(896,448) offset=(48, 20) repair-heal (out) (1.000)
[23:19:47] 004192.jpg tile=(896,448) offset=(48, 20) repair-heal (out) (1.000)
[23:19:48] 004193.jpg tile=(896,448) offset=(48, 20) repair-heal (out) (1.000)
[23:19:48] 004194.jpg tile=(896,448) offset=(48, 20) repair-heal (out) (1.000)
[23:19:49] 004195.jpg tile=(896,448) offset=(48, 20) repair-heal (out) (1.000)
[23:19:49] 004195.jpg tile=(0,448) offset=(-848, 20) repair-heal (out) (0.955)
[23:19:49] 004196.jpg tile=(896,448) offset=(48, 20) repair-heal (out) (1.000)
[23:19:49] 004197.jpg tile=(896,448) offset=(48, 20) repair-heal (out) (1.000)
[23:19:50] 004198.jpg tile=(896,448) offset=(48, 20) repair-heal (out) (1.000)
[23:19:50] 004199.jpg tile=(896,448) offset=(48, 20) repair-heal (out) (1.000)
[23:19:50]   4200/28800 frames, 2.7 fps, ~149.9 min left
[23:19:51] 004200.jpg tile=(896,448) offset=(48, 20) repair-heal (out) (1.000)
[23:19:51] 004201.jpg tile=(896,448) offset=(48, 20) repair-heal (out) (1.000)
[23:19:51] 004202.jpg tile=(896,448) offset=(48, 20) repair-heal (ante-frontier) (0.999)
[23:19:52] 004203.jpg tile=(896,448) offset=(48, 20) repair-heal (ante-frontier) (1.000)
[23:19:52] 004204.jpg tile=(896,448) offset=(48, 20) repair-heal (ante-frontier) (1.000)
[23:19:53] 004205.jpg tile=(896,448) offset=(48, 20) repair-heal (ante-frontier) (1.000)
[23:19:53] 004206.jpg tile=(896,448) offset=(48, 20) repair-heal (ante-frontier) (1.000)
[23:19:54] 004207.jpg tile=(896,448) offset=(48, 20) repair-heal (ante-frontier) (1.000)
[23:19:54] 004208.jpg tile=(896,448) offset=(48, 20) repair-heal (ante-frontier) (1.000)
[23:19:54] 004209.jpg tile=(896,448) offset=(48, 20) repair-heal (ante-frontier) (1.000)
[23:20:27]   4300/28800 frames, 2.7 fps, ~149.3 min left
[23:21:03]   4400/28800 frames, 2.7 fps, ~148.6 min left
[23:21:39]   4500/28800 frames, 2.7 fps, ~148.0 min left
[23:22:15]   4600/28800 frames, 2.7 fps, ~147.3 min left
[23:22:51]   4700/28800 frames, 2.7 fps, ~146.6 min left
[23:23:27]   4800/28800 frames, 2.7 fps, ~146.0 min left
[23:24:03]   4900/28800 frames, 2.7 fps, ~145.3 min left
[23:24:25] 004960.jpg tile=(896,448) offset=(48, 20) full black (out) (0.982)
[23:24:25] 004961.jpg tile=(784,448) offset=(-64, 20) repair-heal (out) (0.975)
[23:24:25] 004962.jpg tile=(784,448) offset=(-64, 20) repair-heal (out) (0.968)
[23:24:26] 004963.jpg tile=(784,448) offset=(-64, 20) repair-heal (out) (0.973)
[23:24:26] 004964.jpg tile=(784,448) offset=(-64, 20) repair-heal (out) (0.949)
[23:24:27] 004965.jpg tile=(784,448) offset=(-64, 20) repair-heal (out) (0.912)
[23:24:28] 004969.jpg tile=(784,448) offset=(-64, 20) repair-heal (out) (0.923)
[23:24:28] 004970.jpg tile=(784,448) offset=(-64, 20) repair-heal (out) (0.944)
[23:24:29] 004971.jpg tile=(784,448) offset=(-64, 20) repair-heal (out) (0.951)
[23:24:29] 004972.jpg tile=(784,448) offset=(-64, 20) repair-heal (out) (0.923)
[23:24:30] 004973.jpg tile=(784,448) offset=(-64, 20) repair-heal (out) (0.965)
[23:24:30] 004974.jpg tile=(784,448) offset=(-64, 20) repair-heal (out) (0.976)
[23:24:31] 004975.jpg tile=(784,448) offset=(-64, 20) repair-heal (out) (0.987)
[23:24:31] 004976.jpg tile=(784,448) offset=(-64, 20) repair-heal (out) (0.996)
[23:24:31] 004977.jpg tile=(784,448) offset=(-64, 20) repair-heal (out) (0.996)
[23:24:32] 004978.jpg tile=(784,448) offset=(-64, 20) repair-heal (out) (0.989)
[23:24:32] 004979.jpg tile=(784,448) offset=(-64, 20) repair-heal (out) (0.999)
[23:24:33] 004980.jpg tile=(784,448) offset=(-64, 20) repair-heal (out) (0.998)
[23:24:33] 004981.jpg tile=(784,448) offset=(-64, 20) repair-heal (great) (0.997)
[23:24:33] 004982.jpg tile=(784,336) offset=(-64, -92) repair-heal (great) (0.986)
[23:24:40]   5000/28800 frames, 2.7 fps, ~144.8 min left
[23:25:16]   5100/28800 frames, 2.7 fps, ~144.1 min left
[23:25:52]   5200/28800 frames, 2.7 fps, ~143.5 min left
[23:26:28]   5300/28800 frames, 2.7 fps, ~142.8 min left
[23:27:03]   5400/28800 frames, 2.7 fps, ~142.2 min left
[23:27:39]   5500/28800 frames, 2.7 fps, ~141.5 min left
[23:28:15]   5600/28800 frames, 2.7 fps, ~140.9 min left
[23:28:51]   5700/28800 frames, 2.7 fps, ~140.2 min left
[23:29:26]   5800/28800 frames, 2.7 fps, ~139.6 min left
[23:30:02]   5900/28800 frames, 2.7 fps, ~138.9 min left
[23:30:38]   6000/28800 frames, 2.7 fps, ~138.3 min left
[23:31:14]   6100/28800 frames, 2.7 fps, ~137.6 min left
[23:31:49]   6200/28800 frames, 2.8 fps, ~137.0 min left
[23:32:25]   6300/28800 frames, 2.8 fps, ~136.3 min left
[23:33:01]   6400/28800 frames, 2.8 fps, ~135.7 min left
[23:33:36]   6500/28800 frames, 2.8 fps, ~135.0 min left
[23:34:12]   6600/28800 frames, 2.8 fps, ~134.4 min left
[23:34:40] 006679.jpg tile=(784,448) offset=(-64, 20) repair-heal (out) (0.994)
[23:34:41] 006680.jpg tile=(784,448) offset=(-64, 20) repair-heal (out) (0.997)
[23:34:41] 006681.jpg tile=(784,448) offset=(-64, 20) repair-heal (out) (0.990)
[23:34:42] 006682.jpg tile=(784,448) offset=(-64, 20) repair-heal (out) (0.994)
[23:34:42] 006683.jpg tile=(784,448) offset=(-64, 20) repair-heal (out) (0.988)
[23:34:42] 006684.jpg tile=(784,448) offset=(-64, 20) repair-heal (out) (0.988)
[23:34:43] 006685.jpg tile=(784,448) offset=(-64, 20) repair-heal (out) (0.991)
[23:34:43] 006686.jpg tile=(784,448) offset=(-64, 20) repair-heal (out) (0.989)
[23:34:44] 006687.jpg tile=(784,448) offset=(-64, 20) repair-heal (out) (0.987)
[23:34:44] 006688.jpg tile=(784,448) offset=(-64, 20) repair-heal (out) (0.969)
[23:34:44] 006689.jpg tile=(784,448) offset=(-64, 20) repair-heal (out) (0.981)
[23:34:45] 006690.jpg tile=(784,448) offset=(-64, 20) repair-heal (out) (0.976)
[23:34:45] 006691.jpg tile=(784,448) offset=(-64, 20) repair-heal (out) (0.986)
[23:34:46] 006692.jpg tile=(784,448) offset=(-64, 20) repair-heal (out) (0.987)
[23:34:46] 006693.jpg tile=(784,448) offset=(-64, 20) repair-heal (out) (0.981)
[23:34:46] 006694.jpg tile=(784,448) offset=(-64, 20) repair-heal (out) (0.993)
[23:34:47] 006695.jpg tile=(784,448) offset=(-64, 20) repair-heal (out) (0.995)
[23:34:47] 006696.jpg tile=(784,448) offset=(-64, 20) repair-heal (out) (0.999)
[23:34:48] 006697.jpg tile=(784,448) offset=(-64, 20) repair-heal (out) (0.999)
[23:34:48] 006698.jpg tile=(784,448) offset=(-64, 20) repair-heal (out) (0.999)
[23:34:49] 006699.jpg tile=(784,448) offset=(-64, 20) repair-heal (out) (0.999)
[23:34:49]   6700/28800 frames, 2.8 fps, ~133.8 min left
[23:34:49] 006700.jpg tile=(784,448) offset=(-64, 20) repair-heal (great) (1.000)
[23:34:49] 006701.jpg tile=(784,448) offset=(-64, 20) repair-heal (great) (0.998)
[23:34:50] 006702.jpg tile=(784,448) offset=(-64, 20) repair-heal (great) (0.998)
[23:34:50] 006703.jpg tile=(784,448) offset=(-64, 20) repair-heal (great) (0.997)
[23:34:51] 006704.jpg tile=(784,448) offset=(-64, 20) repair-heal (great) (0.997)
[23:34:51] 006705.jpg tile=(784,448) offset=(-64, 20) repair-heal (great) (0.996)
[23:34:51] 006706.jpg tile=(784,448) offset=(-64, 20) repair-heal (great) (0.997)
[23:34:52] 006707.jpg tile=(784,448) offset=(-64, 20) repair-heal (great) (0.998)
[23:34:52] 006708.jpg tile=(784,448) offset=(-64, 20) repair-heal (great) (0.999)
[23:35:25]   6800/28800 frames, 2.8 fps, ~133.2 min left
[23:35:49] 006867.jpg tile=(784,448) offset=(-64, 20) repair-heal (out) (0.999)
[23:35:49] 006868.jpg tile=(896,336) offset=(48, -92) repair-heal (out) (0.998)
[23:35:50] 006869.jpg tile=(784,448) offset=(-64, 20) repair-heal (out) (0.998)
[23:35:50] 006870.jpg tile=(784,448) offset=(-64, 20) repair-heal (out) (0.999)
[23:35:51] 006871.jpg tile=(896,336) offset=(48, -92) repair-heal (out) (0.998)
[23:35:51] 006872.jpg tile=(896,336) offset=(48, -92) repair-heal (out) (0.997)
[23:35:51] 006873.jpg tile=(896,336) offset=(48, -92) repair-heal (out) (0.999)
[23:35:52] 006874.jpg tile=(896,336) offset=(48, -92) repair-heal (out) (0.999)
[23:35:52] 006875.jpg tile=(784,448) offset=(-64, 20) repair-heal (out) (0.996)
[23:35:53] 006876.jpg tile=(784,448) offset=(-64, 20) repair-heal (out) (0.997)
[23:35:53] 006877.jpg tile=(784,448) offset=(-64, 20) repair-heal (out) (0.999)
[23:35:53] 006878.jpg tile=(784,448) offset=(-64, 20) repair-heal (out) (0.998)
[23:35:54] 006879.jpg tile=(784,448) offset=(-64, 20) repair-heal (out) (1.000)
[23:35:54] 006880.jpg tile=(784,448) offset=(-64, 20) repair-heal (out) (0.999)
[23:35:55] 006881.jpg tile=(784,448) offset=(-64, 20) repair-heal (out) (0.999)
[23:35:55] 006882.jpg tile=(784,448) offset=(-64, 20) repair-heal (out) (0.999)
[23:35:55] 006883.jpg tile=(784,448) offset=(-64, 20) repair-heal (out) (0.999)
[23:35:56] 006884.jpg tile=(784,448) offset=(-64, 20) repair-heal (out) (1.000)
[23:35:56] 006885.jpg tile=(784,448) offset=(-64, 20) repair-heal (out) (1.000)
[23:35:57] 006886.jpg tile=(784,448) offset=(-64, 20) repair-heal (out) (1.000)
[23:35:57] 006887.jpg tile=(784,448) offset=(-64, 20) repair-heal (out) (1.000)
[23:35:58] 006888.jpg tile=(784,336) offset=(-64, -92) repair-heal (ante-frontier) (0.996)
[23:35:58] 006889.jpg tile=(784,448) offset=(-64, 20) repair-heal (great) (1.000)
[23:35:58] 006890.jpg tile=(784,448) offset=(-64, 20) repair-heal (great) (1.000)
[23:35:59] 006891.jpg tile=(784,448) offset=(-64, 20) repair-heal (great) (0.999)
[23:35:59] 006892.jpg tile=(784,448) offset=(-64, 20) repair-heal (great) (0.999)
[23:36:00] 006893.jpg tile=(784,448) offset=(-64, 20) repair-heal (great) (0.999)
[23:36:00] 006894.jpg tile=(784,448) offset=(-64, 20) repair-heal (great) (0.998)
[23:36:00] 006895.jpg tile=(784,448) offset=(-64, 20) repair-heal (great) (0.998)
[23:36:01] 006896.jpg tile=(784,448) offset=(-64, 20) repair-heal (great) (0.998)
[23:36:01] 006897.jpg tile=(784,448) offset=(-64, 20) repair-heal (great) (0.998)
[23:36:02] 006898.jpg tile=(784,448) offset=(-64, 20) repair-heal (great) (0.998)
[23:36:02]   6900/28800 frames, 2.8 fps, ~132.6 min left
[23:36:38]   7000/28800 frames, 2.8 fps, ~132.0 min left
[23:36:58] 007055.jpg tile=(784,448) offset=(-64, 20) repair-heal (out) (0.999)
[23:36:58] 007056.jpg tile=(784,448) offset=(-64, 20) repair-heal (out) (0.997)
[23:36:59] 007057.jpg tile=(896,448) offset=(48, 20) repair-heal (out) (1.000)
[23:36:59] 007058.jpg tile=(896,448) offset=(48, 20) repair-heal (out) (1.000)
[23:36:59] 007059.jpg tile=(896,448) offset=(48, 20) repair-heal (out) (0.999)
[23:37:00] 007060.jpg tile=(896,448) offset=(48, 20) repair-heal (out) (0.999)
[23:37:00] 007061.jpg tile=(896,448) offset=(48, 20) repair-heal (out) (0.996)
[23:37:01] 007062.jpg tile=(896,448) offset=(48, 20) repair-heal (out) (1.000)
[23:37:01] 007063.jpg tile=(896,448) offset=(48, 20) repair-heal (out) (0.999)
[23:37:01] 007064.jpg tile=(896,448) offset=(48, 20) repair-heal (out) (1.000)
[23:37:02] 007065.jpg tile=(896,448) offset=(48, 20) repair-heal (out) (1.000)
[23:37:02] 007066.jpg tile=(784,448) offset=(-64, 20) repair-heal (out) (0.998)
[23:37:03] 007067.jpg tile=(784,448) offset=(-64, 20) repair-heal (out) (1.000)
[23:37:03] 007068.jpg tile=(896,448) offset=(48, 20) repair-heal (out) (1.000)
[23:37:03] 007069.jpg tile=(784,448) offset=(-64, 20) repair-heal (out) (1.000)
[23:37:04] 007070.jpg tile=(784,448) offset=(-64, 20) repair-heal (out) (1.000)
[23:37:04] 007071.jpg tile=(784,448) offset=(-64, 20) repair-heal (out) (1.000)
[23:37:05] 007073.jpg tile=(784,448) offset=(-64, 20) repair-heal (great) (0.997)
[23:37:05] 007074.jpg tile=(784,448) offset=(-64, 20) repair-heal (great) (1.000)
[23:37:06] 007075.jpg tile=(784,448) offset=(-64, 20) repair-heal (great) (1.000)
[23:37:06] 007076.jpg tile=(784,448) offset=(-64, 20) repair-heal (great) (1.000)
[23:37:07] 007077.jpg tile=(784,448) offset=(-64, 20) repair-heal (great) (1.000)
[23:37:07] 007078.jpg tile=(784,448) offset=(-64, 20) repair-heal (great) (1.000)
[23:37:07] 007079.jpg tile=(784,448) offset=(-64, 20) repair-heal (great) (1.000)
[23:37:08] 007080.jpg tile=(784,448) offset=(-64, 20) repair-heal (great) (1.000)
[23:37:08] 007081.jpg tile=(784,448) offset=(-64, 20) repair-heal (great) (1.000)
[23:37:15]   7100/28800 frames, 2.8 fps, ~131.4 min left
[23:37:47] 007190.jpg tile=(896,448) offset=(48, 20) repair-heal (out) (1.000)
[23:37:48] 007191.jpg tile=(896,448) offset=(48, 20) repair-heal (out) (1.000)
[23:37:48] 007192.jpg tile=(896,448) offset=(48, 20) repair-heal (out) (1.000)
[23:37:48] 007193.jpg tile=(896,448) offset=(48, 20) repair-heal (out) (1.000)
[23:37:49] 007194.jpg tile=(896,448) offset=(48, 20) repair-heal (out) (1.000)
[23:37:49] 007195.jpg tile=(896,448) offset=(48, 20) repair-heal (out) (1.000)
[23:37:50] 007196.jpg tile=(896,448) offset=(48, 20) repair-heal (out) (1.000)
[23:37:50] 007197.jpg tile=(896,448) offset=(48, 20) repair-heal (out) (1.000)
[23:37:50] 007198.jpg tile=(896,448) offset=(48, 20) repair-heal (out) (1.000)
[23:37:51] 007199.jpg tile=(896,448) offset=(48, 20) repair-heal (out) (1.000)
[23:37:51]   7200/28800 frames, 2.8 fps, ~130.8 min left
[23:37:51] 007200.jpg tile=(896,448) offset=(48, 20) repair-heal (out) (1.000)
[23:37:52] 007201.jpg tile=(896,448) offset=(48, 20) repair-heal (out) (1.000)
[23:37:52] 007202.jpg tile=(896,448) offset=(48, 20) repair-heal (out) (1.000)
[23:37:52] 007203.jpg tile=(896,448) offset=(48, 20) repair-heal (out) (0.999)
[23:37:53] 007204.jpg tile=(784,448) offset=(-64, 20) repair-heal (out) (0.927)
[23:37:53] 007205.jpg tile=(896,448) offset=(48, 20) repair-heal (great) (1.000)
[23:37:54] 007206.jpg tile=(784,448) offset=(-64, 20) repair-heal (great) (1.000)
[23:37:54] 007207.jpg tile=(784,448) offset=(-64, 20) repair-heal (great) (1.000)
[23:37:54] 007208.jpg tile=(784,448) offset=(-64, 20) repair-heal (great) (1.000)
[23:37:55] 007209.jpg tile=(784,448) offset=(-64, 20) repair-heal (great) (1.000)
[23:37:55] 007210.jpg tile=(784,448) offset=(-64, 20) repair-heal (great) (1.000)
[23:37:56] 007211.jpg tile=(784,448) offset=(-64, 20) repair-heal (great) (1.000)
[23:37:56] 007212.jpg tile=(784,448) offset=(-64, 20) repair-heal (great) (1.000)
[23:37:56] 007213.jpg tile=(784,448) offset=(-64, 20) repair-heal (great) (1.000)
[23:38:27]   7300/28800 frames, 2.8 fps, ~130.2 min left
[23:39:03]   7400/28800 frames, 2.8 fps, ~129.6 min left
[23:39:39]   7500/28800 frames, 2.8 fps, ~128.9 min left
[23:40:15]   7600/28800 frames, 2.8 fps, ~128.3 min left
[23:40:51]   7700/28800 frames, 2.8 fps, ~127.7 min left
[23:41:26]   7800/28800 frames, 2.8 fps, ~127.1 min left
[23:42:02]   7900/28800 frames, 2.8 fps, ~126.4 min left
[23:42:07] 007914.jpg tile=(896,448) offset=(48, 20) repair-heal (out) (0.999)
[23:42:08] 007915.jpg tile=(896,448) offset=(48, 20) repair-heal (out) (1.000)
[23:42:08] 007916.jpg tile=(896,448) offset=(48, 20) repair-heal (out) (1.000)
[23:42:09] 007917.jpg tile=(896,448) offset=(48, 20) repair-heal (out) (1.000)
[23:42:09] 007918.jpg tile=(896,448) offset=(48, 20) repair-heal (out) (1.000)
[23:42:10] 007919.jpg tile=(896,448) offset=(48, 20) repair-heal (out) (1.000)
[23:42:10] 007920.jpg tile=(896,448) offset=(48, 20) repair-heal (out) (1.000)
[23:42:10] 007921.jpg tile=(896,448) offset=(48, 20) repair-heal (out) (1.000)
[23:42:11] 007922.jpg tile=(896,448) offset=(48, 20) repair-heal (out) (1.000)
[23:42:11] 007923.jpg tile=(896,448) offset=(48, 20) repair-heal (out) (0.997)
[23:42:12] 007924.jpg tile=(896,448) offset=(48, 20) repair-heal (great) (0.999)
[23:42:12] 007925.jpg tile=(896,448) offset=(48, 20) repair-heal (great) (1.000)
[23:42:12] 007926.jpg tile=(896,448) offset=(48, 20) repair-heal (great) (1.000)
[23:42:13] 007927.jpg tile=(896,448) offset=(48, 20) repair-heal (great) (1.000)
[23:42:13] 007928.jpg tile=(896,448) offset=(48, 20) repair-heal (great) (1.000)
[23:42:14] 007929.jpg tile=(896,448) offset=(48, 20) repair-heal (great) (1.000)
[23:42:14] 007930.jpg tile=(896,448) offset=(48, 20) repair-heal (great) (1.000)
[23:42:14] 007931.jpg tile=(896,448) offset=(48, 20) repair-heal (great) (1.000)
[23:42:15] 007932.jpg tile=(896,448) offset=(48, 20) repair-heal (great) (1.000)
[23:42:15] 007933.jpg tile=(896,448) offset=(48, 20) repair-heal (great) (1.000)
[23:42:39]   8000/28800 frames, 2.8 fps, ~125.8 min left
[23:43:15]   8100/28800 frames, 2.8 fps, ~125.2 min left
[23:43:50]   8200/28800 frames, 2.8 fps, ~124.6 min left
[23:44:23] 008290.jpg tile=(784,448) offset=(-64, 20) repair-heal (out) (1.000)
[23:44:23] 008291.jpg tile=(784,448) offset=(-64, 20) repair-heal (out) (0.999)
[23:44:24] 008292.jpg tile=(784,448) offset=(-64, 20) repair-heal (out) (0.999)
[23:44:24] 008293.jpg tile=(784,448) offset=(-64, 20) repair-heal (out) (0.999)
[23:44:24] 008294.jpg tile=(784,448) offset=(-64, 20) repair-heal (out) (0.996)
[23:44:25] 008295.jpg tile=(896,448) offset=(48, 20) repair-heal (out) (0.992)
[23:44:25] 008296.jpg tile=(896,448) offset=(48, 20) repair-heal (out) (0.992)
[23:44:26] 008297.jpg tile=(784,448) offset=(-64, 20) repair-heal (out) (0.977)
[23:44:26] 008298.jpg tile=(896,448) offset=(48, 20) repair-heal (out) (0.993)
[23:44:26] 008299.jpg tile=(784,448) offset=(-64, 20) repair-heal (out) (0.997)
[23:44:27]   8300/28800 frames, 2.8 fps, ~124.0 min left
[23:44:27] 008300.jpg tile=(784,448) offset=(-64, 20) repair-heal (out) (0.999)
[23:44:27] 008301.jpg tile=(784,448) offset=(-64, 20) repair-heal (out) (1.000)
[23:44:28] 008302.jpg tile=(784,448) offset=(-64, 20) repair-heal (out) (1.000)
[23:44:28] 008303.jpg tile=(784,448) offset=(-64, 20) repair-heal (out) (1.000)
[23:44:29] 008304.jpg tile=(784,448) offset=(-64, 20) repair-heal (out) (1.000)
[23:44:29] 008305.jpg tile=(784,448) offset=(-64, 20) repair-heal (out) (1.000)
[23:44:29] 008306.jpg tile=(784,448) offset=(-64, 20) repair-heal (out) (1.000)
[23:44:30] 008307.jpg tile=(784,448) offset=(-64, 20) repair-heal (out) (1.000)
[23:44:30] 008308.jpg tile=(784,448) offset=(-64, 20) repair-heal (out) (1.000)
[23:44:31] 008309.jpg tile=(784,448) offset=(-64, 20) repair-heal (great) (1.000)
[23:44:31] 008310.jpg tile=(784,448) offset=(-64, 20) repair-heal (great) (1.000)
[23:44:31] 008311.jpg tile=(784,448) offset=(-64, 20) repair-heal (great) (1.000)
[23:44:32] 008312.jpg tile=(784,448) offset=(-64, 20) repair-heal (great) (1.000)
[23:44:32] 008313.jpg tile=(784,448) offset=(-64, 20) repair-heal (great) (1.000)
[23:44:33] 008314.jpg tile=(784,448) offset=(-64, 20) repair-heal (great) (1.000)
[23:44:33] 008315.jpg tile=(784,448) offset=(-64, 20) repair-heal (great) (1.000)
[23:44:33] 008316.jpg tile=(784,448) offset=(-64, 20) repair-heal (great) (1.000)
[23:44:53] 008370.jpg tile=(784,448) offset=(-64, 20) repair-heal (out) (0.999)
[23:44:53] 008371.jpg tile=(784,448) offset=(-64, 20) repair-heal (out) (0.998)
[23:44:54] 008372.jpg tile=(784,448) offset=(-64, 20) repair-heal (out) (0.998)
[23:44:54] 008373.jpg tile=(784,448) offset=(-64, 20) repair-heal (out) (0.998)
[23:44:54] 008374.jpg tile=(784,448) offset=(-64, 20) repair-heal (out) (0.993)
[23:44:55] 008375.jpg tile=(784,448) offset=(-64, 20) repair-heal (out) (0.986)
[23:44:55] 008376.jpg tile=(896,448) offset=(48, 20) repair-heal (out) (0.983)
[23:44:56] 008377.jpg tile=(896,448) offset=(48, 20) repair-heal (out) (0.983)
[23:44:56] 008378.jpg tile=(784,448) offset=(-64, 20) repair-heal (out) (0.993)
[23:44:56] 008379.jpg tile=(784,448) offset=(-64, 20) repair-heal (out) (0.997)
[23:44:57] 008380.jpg tile=(784,448) offset=(-64, 20) repair-heal (out) (1.000)
[23:44:57] 008381.jpg tile=(784,448) offset=(-64, 20) repair-heal (out) (0.999)
[23:44:58] 008382.jpg tile=(784,448) offset=(-64, 20) repair-heal (out) (1.000)
[23:44:58] 008383.jpg tile=(784,448) offset=(-64, 20) repair-heal (out) (0.999)
[23:44:58] 008384.jpg tile=(784,448) offset=(-64, 20) repair-heal (out) (1.000)
[23:44:59] 008385.jpg tile=(784,448) offset=(-64, 20) repair-heal (out) (1.000)
[23:44:59] 008386.jpg tile=(784,448) offset=(-64, 20) repair-heal (out) (1.000)
[23:45:00] 008387.jpg tile=(784,448) offset=(-64, 20) repair-heal (out) (1.000)
[23:45:00] 008388.jpg tile=(784,448) offset=(-64, 20) repair-heal (out) (0.999)
[23:45:00] 008389.jpg tile=(784,448) offset=(-64, 20) repair-heal (great) (0.991)
[23:45:01] 008390.jpg tile=(784,448) offset=(-64, 20) repair-heal (great) (0.984)
[23:45:01] 008391.jpg tile=(784,448) offset=(-64, 20) repair-heal (great) (0.989)
[23:45:02] 008392.jpg tile=(784,448) offset=(-64, 20) repair-heal (great) (0.991)
[23:45:02] 008393.jpg tile=(784,448) offset=(-64, 20) repair-heal (great) (0.993)
[23:45:02] 008394.jpg tile=(784,448) offset=(-64, 20) repair-heal (great) (0.993)
[23:45:03] 008395.jpg tile=(784,448) offset=(-64, 20) repair-heal (great) (0.993)
[23:45:03] 008396.jpg tile=(784,448) offset=(-64, 20) repair-heal (great) (0.995)
[23:45:04]   8400/28800 frames, 2.8 fps, ~123.4 min left
[23:45:22] 008449.jpg tile=(896,448) offset=(48, 20) repair-heal (out) (1.000)
[23:45:23] 008450.jpg tile=(896,448) offset=(48, 20) repair-heal (out) (1.000)
[23:45:23] 008451.jpg tile=(896,448) offset=(48, 20) repair-heal (out) (1.000)
[23:45:24] 008452.jpg tile=(896,448) offset=(48, 20) repair-heal (out) (1.000)
[23:45:24] 008453.jpg tile=(896,448) offset=(48, 20) repair-heal (out) (1.000)
[23:45:24] 008454.jpg tile=(896,448) offset=(48, 20) repair-heal (out) (1.000)
[23:45:25] 008455.jpg tile=(896,448) offset=(48, 20) repair-heal (out) (1.000)
[23:45:25] 008456.jpg tile=(896,448) offset=(48, 20) repair-heal (out) (1.000)
[23:45:26] 008457.jpg tile=(896,448) offset=(48, 20) repair-heal (out) (1.000)
[23:45:26] 008458.jpg tile=(896,448) offset=(48, 20) repair-heal (out) (1.000)
[23:45:26] 008459.jpg tile=(896,448) offset=(48, 20) repair-heal (out) (1.000)
[23:45:27] 008460.jpg tile=(896,448) offset=(48, 20) repair-heal (out) (1.000)
[23:45:27] 008461.jpg tile=(896,448) offset=(48, 20) repair-heal (out) (1.000)
[23:45:28] 008462.jpg tile=(896,448) offset=(48, 20) repair-heal (out) (1.000)
[23:45:28] 008463.jpg tile=(784,448) offset=(-64, 20) repair-heal (out) (1.000)
[23:45:28] 008464.jpg tile=(784,448) offset=(-64, 20) repair-heal (out) (0.930)
[23:45:29] 008465.jpg tile=(896,448) offset=(48, 20) repair-heal (great) (1.000)
[23:45:29] 008466.jpg tile=(784,448) offset=(-64, 20) repair-heal (great) (1.000)
[23:45:30] 008467.jpg tile=(784,448) offset=(-64, 20) repair-heal (great) (1.000)
[23:45:30] 008468.jpg tile=(784,448) offset=(-64, 20) repair-heal (great) (1.000)
[23:45:30] 008469.jpg tile=(784,448) offset=(-64, 20) repair-heal (great) (1.000)
[23:45:31] 008470.jpg tile=(784,448) offset=(-64, 20) repair-heal (great) (1.000)
[23:45:31] 008471.jpg tile=(784,448) offset=(-64, 20) repair-heal (great) (1.000)
[23:45:32] 008472.jpg tile=(784,448) offset=(-64, 20) repair-heal (great) (1.000)
[23:45:32] 008473.jpg tile=(784,448) offset=(-64, 20) repair-heal (great) (1.000)
[23:45:41]   8500/28800 frames, 2.8 fps, ~122.9 min left
[23:46:17]   8600/28800 frames, 2.8 fps, ~122.2 min left
[23:46:53]   8700/28800 frames, 2.8 fps, ~121.6 min left
[23:47:29]   8800/28800 frames, 2.8 fps, ~121.0 min left
[23:48:05]   8900/28800 frames, 2.8 fps, ~120.4 min left
[23:48:41]   9000/28800 frames, 2.8 fps, ~119.8 min left
[23:49:17]   9100/28800 frames, 2.8 fps, ~119.1 min left
[23:49:52]   9200/28800 frames, 2.8 fps, ~118.5 min left
[23:49:58] 009213.jpg tile=(784,448) offset=(-64, 20) repair-heal (out) (1.000)
[23:49:58] 009214.jpg tile=(896,336) offset=(48, -92) repair-heal (out) (1.000)
[23:49:58] 009215.jpg tile=(896,448) offset=(48, 20) repair-heal (out) (1.000)
[23:49:59] 009216.jpg tile=(896,448) offset=(48, 20) repair-heal (out) (0.999)
[23:49:59] 009217.jpg tile=(896,448) offset=(48, 20) repair-heal (out) (0.999)
[23:50:00] 009218.jpg tile=(896,448) offset=(48, 20) repair-heal (out) (0.999)
[23:50:00] 009219.jpg tile=(896,448) offset=(48, 20) repair-heal (out) (0.998)
[23:50:00] 009220.jpg tile=(896,448) offset=(48, 20) repair-heal (out) (0.999)
[23:50:01] 009221.jpg tile=(896,448) offset=(48, 20) repair-heal (out) (0.999)
[23:50:01] 009222.jpg tile=(896,448) offset=(48, 20) repair-heal (out) (0.999)
[23:50:02] 009223.jpg tile=(896,448) offset=(48, 20) repair-heal (out) (0.999)
[23:50:02] 009224.jpg tile=(784,448) offset=(-64, 20) repair-heal (out) (1.000)
[23:50:02] 009225.jpg tile=(784,448) offset=(-64, 20) repair-heal (out) (1.000)
[23:50:03] 009226.jpg tile=(784,448) offset=(-64, 20) repair-heal (out) (1.000)
[23:50:03] 009227.jpg tile=(784,448) offset=(-64, 20) repair-heal (out) (1.000)
[23:50:04] 009228.jpg tile=(784,448) offset=(-64, 20) repair-heal (out) (1.000)
[23:50:04] 009229.jpg tile=(784,448) offset=(-64, 20) repair-heal (out) (1.000)
[23:50:04] 009230.jpg tile=(784,448) offset=(-64, 20) repair-heal (out) (1.000)
[23:50:05] 009231.jpg tile=(784,448) offset=(-64, 20) repair-heal (out) (1.000)
[23:50:05] 009232.jpg tile=(784,448) offset=(-64, 20) repair-heal (out) (1.000)
[23:50:06] 009233.jpg tile=(784,448) offset=(-64, 20) repair-heal (out) (1.000)
[23:50:06] 009234.jpg tile=(784,448) offset=(-64, 20) repair-heal (out) (1.000)
[23:50:07] 009235.jpg tile=(784,448) offset=(-64, 20) repair-heal (out) (1.000)
[23:50:07] 009236.jpg tile=(784,448) offset=(-64, 20) repair-heal (out) (1.000)
[23:50:07] 009237.jpg tile=(784,448) offset=(-64, 20) repair-heal (out) (1.000)
[23:50:08] 009238.jpg tile=(784,448) offset=(-64, 20) repair-heal (ante-frontier) (0.999)
[23:50:08] 009239.jpg tile=(784,448) offset=(-64, 20) repair-heal (great) (1.000)
[23:50:09] 009240.jpg tile=(784,448) offset=(-64, 20) repair-heal (great) (1.000)
[23:50:09] 009241.jpg tile=(784,448) offset=(-64, 20) repair-heal (great) (1.000)
[23:50:09] 009242.jpg tile=(784,448) offset=(-64, 20) repair-heal (great) (1.000)
[23:50:10] 009243.jpg tile=(784,448) offset=(-64, 20) repair-heal (great) (1.000)
[23:50:10] 009244.jpg tile=(784,448) offset=(-64, 20) repair-heal (great) (1.000)
[23:50:11] 009245.jpg tile=(784,448) offset=(-64, 20) repair-heal (great) (1.000)
[23:50:11] 009246.jpg tile=(784,448) offset=(-64, 20) repair-heal (great) (1.000)
[23:50:11] 009247.jpg tile=(784,448) offset=(-64, 20) repair-heal (great) (1.000)
[23:50:30]   9300/28800 frames, 2.8 fps, ~118.0 min left
[23:50:38] 009320.jpg tile=(896,448) offset=(48, 20) repair-heal (out) (1.000)
[23:50:38] 009321.jpg tile=(896,448) offset=(48, 20) repair-heal (out) (1.000)
[23:50:38] 009322.jpg tile=(896,448) offset=(48, 20) repair-heal (out) (1.000)
[23:50:39] 009323.jpg tile=(896,448) offset=(48, 20) repair-heal (out) (1.000)
[23:50:39] 009324.jpg tile=(896,448) offset=(48, 20) repair-heal (out) (1.000)
[23:50:40] 009325.jpg tile=(896,448) offset=(48, 20) repair-heal (out) (1.000)
[23:50:40] 009326.jpg tile=(896,448) offset=(48, 20) repair-heal (out) (1.000)
[23:50:41] 009327.jpg tile=(896,448) offset=(48, 20) repair-heal (out) (1.000)
[23:50:41] 009328.jpg tile=(896,448) offset=(48, 20) repair-heal (out) (1.000)
[23:50:41] 009329.jpg tile=(896,448) offset=(48, 20) repair-heal (out) (1.000)
[23:50:42] 009330.jpg tile=(896,448) offset=(48, 20) repair-heal (out) (1.000)
[23:50:42] 009331.jpg tile=(896,448) offset=(48, 20) repair-heal (out) (1.000)
[23:50:43] 009332.jpg tile=(896,448) offset=(48, 20) repair-heal (out) (1.000)
[23:50:43] 009333.jpg tile=(896,448) offset=(48, 20) repair-heal (out) (1.000)
[23:50:43] 009334.jpg tile=(896,448) offset=(48, 20) repair-heal (out) (1.000)
[23:50:44] 009335.jpg tile=(896,448) offset=(48, 20) repair-heal (out) (1.000)
[23:50:44] 009336.jpg tile=(896,448) offset=(48, 20) repair-heal (out) (1.000)
[23:50:45] 009337.jpg tile=(896,448) offset=(48, 20) repair-heal (ante-frontier) (1.000)
[23:50:45] 009338.jpg tile=(896,448) offset=(48, 20) repair-heal (great) (1.000)
[23:50:45] 009339.jpg tile=(784,448) offset=(-64, 20) repair-heal (great) (1.000)
[23:50:46] 009340.jpg tile=(784,448) offset=(-64, 20) repair-heal (great) (1.000)
[23:50:46] 009341.jpg tile=(784,448) offset=(-64, 20) repair-heal (great) (1.000)
[23:50:47] 009342.jpg tile=(784,448) offset=(-64, 20) repair-heal (great) (1.000)
[23:50:47] 009343.jpg tile=(784,448) offset=(-64, 20) repair-heal (great) (1.000)
[23:50:47] 009344.jpg tile=(784,448) offset=(-64, 20) repair-heal (great) (1.000)
[23:50:48] 009345.jpg tile=(784,448) offset=(-64, 20) repair-heal (great) (1.000)
[23:50:48] 009346.jpg tile=(784,448) offset=(-64, 20) repair-heal (great) (1.000)
[23:50:49] 009347.jpg tile=(784,448) offset=(-64, 20) repair-heal (great) (1.000)
[23:51:07]   9400/28800 frames, 2.8 fps, ~117.4 min left
[23:51:43]   9500/28800 frames, 2.8 fps, ~116.8 min left
[23:52:19]   9600/28800 frames, 2.8 fps, ~116.1 min left
[23:52:55]   9700/28800 frames, 2.8 fps, ~115.5 min left
[23:53:31]   9800/28800 frames, 2.8 fps, ~114.9 min left
[23:54:06]   9900/28800 frames, 2.8 fps, ~114.3 min left
[23:54:42]   10000/28800 frames, 2.8 fps, ~113.6 min left
[23:55:18]   10100/28800 frames, 2.8 fps, ~113.0 min left
[23:55:54]   10200/28800 frames, 2.8 fps, ~112.4 min left
[23:56:29]   10300/28800 frames, 2.8 fps, ~111.8 min left
[23:57:05]   10400/28800 frames, 2.8 fps, ~111.2 min left
[23:57:41]   10500/28800 frames, 2.8 fps, ~110.6 min left
[23:58:17]   10600/28800 frames, 2.8 fps, ~109.9 min left
[23:58:53]   10700/28800 frames, 2.8 fps, ~109.3 min left
[23:59:29]   10800/28800 frames, 2.8 fps, ~108.7 min left
[00:00:04]   10900/28800 frames, 2.8 fps, ~108.1 min left
[00:00:40]   11000/28800 frames, 2.8 fps, ~107.5 min left
[00:01:16]   11100/28800 frames, 2.8 fps, ~106.9 min left
[00:01:52]   11200/28800 frames, 2.8 fps, ~106.3 min left
[00:02:28]   11300/28800 frames, 2.8 fps, ~105.6 min left
[00:03:03]   11400/28800 frames, 2.8 fps, ~105.0 min left
[00:03:39]   11500/28800 frames, 2.8 fps, ~104.4 min left
[00:04:15]   11600/28800 frames, 2.8 fps, ~103.8 min left
[00:04:51]   11700/28800 frames, 2.8 fps, ~103.2 min left
[00:05:27]   11800/28800 frames, 2.8 fps, ~102.6 min left
[00:06:02]   11900/28800 frames, 2.8 fps, ~102.0 min left
[00:06:38]   12000/28800 frames, 2.8 fps, ~101.3 min left
[00:07:14]   12100/28800 frames, 2.8 fps, ~100.7 min left
[00:07:50]   12200/28800 frames, 2.8 fps, ~100.1 min left
[00:08:14] 012267.jpg tile=(0,448) offset=(-848, 20) full black (out) (0.966)
[00:08:26]   12300/28800 frames, 2.8 fps, ~99.5 min left
[00:09:01]   12400/28800 frames, 2.8 fps, ~98.9 min left
[00:09:37]   12500/28800 frames, 2.8 fps, ~98.3 min left
[00:10:13]   12600/28800 frames, 2.8 fps, ~97.7 min left
[00:10:49]   12700/28800 frames, 2.8 fps, ~97.1 min left
[00:11:24]   12800/28800 frames, 2.8 fps, ~96.4 min left
[00:12:00]   12900/28800 frames, 2.8 fps, ~95.8 min left
[00:12:36]   13000/28800 frames, 2.8 fps, ~95.2 min left
[00:13:12]   13100/28800 frames, 2.8 fps, ~94.6 min left
[00:13:47]   13200/28800 frames, 2.8 fps, ~94.0 min left
[00:14:23]   13300/28800 frames, 2.8 fps, ~93.4 min left
[00:14:59]   13400/28800 frames, 2.8 fps, ~92.8 min left
[00:15:35]   13500/28800 frames, 2.8 fps, ~92.2 min left
[00:16:11]   13600/28800 frames, 2.8 fps, ~91.6 min left
[00:16:46]   13700/28800 frames, 2.8 fps, ~91.0 min left
[00:17:22]   13800/28800 frames, 2.8 fps, ~90.3 min left
[00:17:58]   13900/28800 frames, 2.8 fps, ~89.7 min left
[00:18:34]   14000/28800 frames, 2.8 fps, ~89.1 min left
[00:19:09]   14100/28800 frames, 2.8 fps, ~88.5 min left
[00:19:45]   14200/28800 frames, 2.8 fps, ~87.9 min left
[00:20:21]   14300/28800 frames, 2.8 fps, ~87.3 min left
[00:20:57]   14400/28800 frames, 2.8 fps, ~86.7 min left
[00:21:33]   14500/28800 frames, 2.8 fps, ~86.1 min left
[00:22:09]   14600/28800 frames, 2.8 fps, ~85.5 min left
[00:22:45]   14700/28800 frames, 2.8 fps, ~84.9 min left
[00:23:21]   14800/28800 frames, 2.8 fps, ~84.3 min left
[00:23:57]   14900/28800 frames, 2.8 fps, ~83.7 min left
[00:24:33]   15000/28800 frames, 2.8 fps, ~83.1 min left
[00:25:09]   15100/28800 frames, 2.8 fps, ~82.5 min left
[00:25:45]   15200/28800 frames, 2.8 fps, ~81.9 min left
[00:26:21]   15300/28800 frames, 2.8 fps, ~81.3 min left
[00:26:57]   15400/28800 frames, 2.8 fps, ~80.7 min left
[00:27:32]   15500/28800 frames, 2.8 fps, ~80.0 min left
[00:28:08]   15600/28800 frames, 2.8 fps, ~79.4 min left
[00:28:44]   15700/28800 frames, 2.8 fps, ~78.8 min left
[00:29:20]   15800/28800 frames, 2.8 fps, ~78.2 min left
[00:29:55]   15900/28800 frames, 2.8 fps, ~77.6 min left
[00:30:31]   16000/28800 frames, 2.8 fps, ~77.0 min left
[00:31:08]   16100/28800 frames, 2.8 fps, ~76.4 min left
[00:31:44]   16200/28800 frames, 2.8 fps, ~75.8 min left
[00:32:20]   16300/28800 frames, 2.8 fps, ~75.2 min left
[00:32:56]   16400/28800 frames, 2.8 fps, ~74.6 min left
[00:33:32]   16500/28800 frames, 2.8 fps, ~74.0 min left
[00:34:07]   16600/28800 frames, 2.8 fps, ~73.4 min left
[00:34:43]   16700/28800 frames, 2.8 fps, ~72.8 min left
[00:35:19]   16800/28800 frames, 2.8 fps, ~72.2 min left
[00:35:31] 016834.jpg tile=(896,448) offset=(48, 20) wiggle (out) (1.000)
[00:35:32] 016835.jpg tile=(896,448) offset=(48, 20) wiggle (out) (0.999)
[00:35:32] 016836.jpg tile=(896,448) offset=(48, 20) wiggle (out) (0.997)
[00:35:33] 016837.jpg tile=(896,448) offset=(48, 20) wiggle (out) (0.998)
[00:35:33] 016838.jpg tile=(896,448) offset=(48, 20) wiggle (out) (0.998)
[00:35:33] 016839.jpg tile=(896,448) offset=(48, 20) wiggle (out) (0.997)
[00:35:34] 016840.jpg tile=(896,448) offset=(48, 20) wiggle (out) (0.998)
[00:35:34] 016841.jpg tile=(896,448) offset=(48, 20) wiggle (out) (0.994)
[00:35:35] 016842.jpg tile=(896,448) offset=(48, 20) wiggle (out) (0.997)
[00:35:35] 016843.jpg tile=(896,448) offset=(48, 20) wiggle (out) (0.999)
[00:35:35] 016844.jpg tile=(896,448) offset=(48, 20) wiggle (out) (0.996)
[00:35:36] 016845.jpg tile=(896,448) offset=(48, 20) wiggle (out) (0.997)
[00:35:36] 016846.jpg tile=(896,448) offset=(48, 20) wiggle (out) (0.998)
[00:35:37] 016847.jpg tile=(896,448) offset=(48, 20) wiggle (out) (0.998)
[00:35:37] 016849.jpg tile=(896,448) offset=(48, 20) wiggle (great) (0.997)
[00:35:38] 016850.jpg tile=(896,448) offset=(48, 20) wiggle (great) (0.999)
[00:35:38] 016852.jpg tile=(896,448) offset=(48, 20) wiggle (out) (0.945)
[00:35:39] 016853.jpg tile=(896,448) offset=(48, 20) wiggle (out) (0.973)
[00:35:39] 016854.jpg tile=(896,448) offset=(48, 20) wiggle (out) (0.958)
[00:35:41] 016860.jpg tile=(896,448) offset=(48, 20) wiggle (out) (0.964)
[00:35:42] 016861.jpg tile=(896,448) offset=(48, 20) wiggle (out) (0.995)
[00:35:42] 016862.jpg tile=(896,448) offset=(48, 20) wiggle (out) (0.995)
[00:35:43] 016863.jpg tile=(896,448) offset=(48, 20) wiggle (out) (0.997)
[00:35:43] 016864.jpg tile=(896,448) offset=(48, 20) wiggle (out) (0.999)
[00:35:43] 016865.jpg tile=(896,448) offset=(48, 20) wiggle (out) (0.998)
[00:35:44] 016866.jpg tile=(896,448) offset=(48, 20) wiggle (out) (0.999)
[00:35:44] 016867.jpg tile=(784,448) offset=(-64, 20) wiggle (out) (0.994)
[00:35:45] 016868.jpg tile=(784,448) offset=(-64, 20) wiggle (out) (0.985)
[00:35:45] 016870.jpg tile=(784,448) offset=(-64, 20) wiggle (great) (0.992)
[00:35:46] 016871.jpg tile=(784,448) offset=(-64, 20) wiggle (great) (0.990)
[00:35:46] 016872.jpg tile=(784,448) offset=(-64, 20) wiggle (frontier) (0.957)
[00:35:47] 016873.jpg tile=(784,448) offset=(-64, 20) wiggle (out) (0.967)
[00:35:47] 016874.jpg tile=(784,448) offset=(-64, 20) wiggle (out) (0.973)
[00:35:47] 016875.jpg tile=(784,448) offset=(-64, 20) wiggle (out) (0.994)
[00:35:48] 016876.jpg tile=(896,336) offset=(48, -92) wiggle (out) (0.974)
[00:35:48] 016877.jpg tile=(896,336) offset=(48, -92) wiggle (out) (0.988)
[00:35:50] 016881.jpg tile=(896,448) offset=(48, 20) wiggle (out) (0.975)
[00:35:50] 016882.jpg tile=(896,448) offset=(48, 20) wiggle (out) (0.986)
[00:35:50] 016883.jpg tile=(896,448) offset=(48, 20) wiggle (out) (0.988)
[00:35:51] 016884.jpg tile=(896,448) offset=(48, 20) wiggle (out) (0.996)
[00:35:51] 016885.jpg tile=(896,448) offset=(48, 20) wiggle (out) (0.999)
[00:35:52] 016886.jpg tile=(896,448) offset=(48, 20) wiggle (out) (0.981)
[00:35:52] 016887.jpg tile=(896,448) offset=(48, 20) wiggle (out) (0.997)
[00:35:52] 016888.jpg tile=(896,448) offset=(48, 20) wiggle (out) (0.997)
[00:35:53] 016890.jpg tile=(896,336) offset=(48, -92) wiggle (great) (0.995)
[00:35:54] 016891.jpg tile=(896,448) offset=(48, 20) wiggle (great) (1.000)
[00:35:54] 016892.jpg tile=(896,448) offset=(48, 20) wiggle (great) (1.000)
[00:35:54] 016893.jpg tile=(896,448) offset=(48, 20) wiggle (frontier) (0.974)
[00:35:55] 016895.jpg tile=(896,448) offset=(48, 20) wiggle (out) (0.987)
[00:35:55] 016896.jpg tile=(896,448) offset=(48, 20) wiggle (out) (0.996)
[00:35:56] 016897.jpg tile=(896,448) offset=(48, 20) wiggle (out) (0.975)
[00:35:57]   16900/28800 frames, 2.8 fps, ~71.6 min left
[00:35:57] 016900.jpg tile=(896,336) offset=(48, -92) wiggle (out) (0.920)
[00:35:57] 016901.jpg tile=(896,336) offset=(48, -92) wiggle (out) (0.977)
[00:35:58] 016902.jpg tile=(896,448) offset=(48, 20) wiggle (out) (0.986)
[00:35:58] 016903.jpg tile=(896,448) offset=(48, 20) wiggle (out) (0.988)
[00:35:59] 016904.jpg tile=(784,448) offset=(-64, 20) wiggle (out) (0.992)
[00:35:59] 016905.jpg tile=(896,448) offset=(48, 20) wiggle (out) (0.992)
[00:35:59] 016906.jpg tile=(896,448) offset=(48, 20) wiggle (out) (0.993)
[00:36:00] 016907.jpg tile=(896,448) offset=(48, 20) wiggle (out) (0.995)
[00:36:00] 016908.jpg tile=(896,448) offset=(48, 20) wiggle (out) (0.996)
[00:36:01] 016909.jpg tile=(784,448) offset=(-64, 20) wiggle (out) (0.983)
[00:36:01] 016911.jpg tile=(784,448) offset=(-64, 20) wiggle (great) (0.981)
[00:36:02] 016912.jpg tile=(784,448) offset=(-64, 20) wiggle (great) (0.999)
[00:36:02] 016913.jpg tile=(784,336) offset=(-64, -92) wiggle (great) (0.931)
[00:36:02] 016914.jpg tile=(784,448) offset=(-64, 20) wiggle (out) (0.961)
[00:36:03] 016915.jpg tile=(784,448) offset=(-64, 20) wiggle (out) (0.996)
[00:36:03] 016916.jpg tile=(784,448) offset=(-64, 20) wiggle (out) (0.981)
[00:36:04] 016917.jpg tile=(784,448) offset=(-64, 20) wiggle (out) (0.988)
[00:36:04] 016918.jpg tile=(896,336) offset=(48, -92) wiggle (out) (0.995)
[00:36:04] 016919.jpg tile=(896,336) offset=(48, -92) wiggle (out) (0.986)
[00:36:05] 016920.jpg tile=(896,336) offset=(48, -92) wiggle (out) (0.959)
[00:36:06] 016922.jpg tile=(784,448) offset=(-64, 20) wiggle (out) (0.932)
[00:36:06] 016923.jpg tile=(784,448) offset=(-64, 20) wiggle (out) (0.990)
[00:36:06] 016924.jpg tile=(896,448) offset=(48, 20) wiggle (out) (0.996)
[00:36:07] 016925.jpg tile=(896,448) offset=(48, 20) wiggle (out) (0.997)
[00:36:07] 016926.jpg tile=(896,448) offset=(48, 20) wiggle (out) (0.999)
[00:36:08] 016927.jpg tile=(896,448) offset=(48, 20) wiggle (out) (1.000)
[00:36:08] 016928.jpg tile=(896,448) offset=(48, 20) wiggle (out) (0.999)
[00:36:08] 016929.jpg tile=(896,448) offset=(48, 20) wiggle (out) (0.998)
[00:36:09] 016930.jpg tile=(896,448) offset=(48, 20) wiggle (out) (0.984)
[00:36:09] 016931.jpg tile=(896,448) offset=(48, 20) wiggle (frontier) (0.987)
[00:36:10] 016933.jpg tile=(896,448) offset=(48, 20) wiggle (out) (0.999)
[00:36:10] 016934.jpg tile=(896,448) offset=(48, 20) wiggle (out) (0.994)
[00:36:11] 016935.jpg tile=(896,448) offset=(48, 20) wiggle (out) (0.931)
[00:36:13] 016941.jpg tile=(896,448) offset=(48, 20) wiggle (out) (0.975)
[00:36:13] 016942.jpg tile=(896,448) offset=(48, 20) wiggle (out) (0.994)
[00:36:14] 016943.jpg tile=(896,448) offset=(48, 20) wiggle (out) (0.996)
[00:36:14] 016944.jpg tile=(784,448) offset=(-64, 20) wiggle (out) (0.995)
[00:36:15] 016945.jpg tile=(896,448) offset=(48, 20) wiggle (out) (0.997)
[00:36:15] 016946.jpg tile=(896,336) offset=(48, -92) wiggle (out) (0.998)
[00:36:15] 016947.jpg tile=(896,448) offset=(48, 20) wiggle (out) (0.997)
[00:36:16] 016948.jpg tile=(784,448) offset=(-64, 20) wiggle (out) (0.990)
[00:36:16] 016949.jpg tile=(784,448) offset=(-64, 20) wiggle (frontier) (0.925)
[00:36:16] 016950.jpg tile=(784,448) offset=(-64, 20) wiggle (great) (0.959)
[00:36:17] 016951.jpg tile=(784,448) offset=(-64, 20) wiggle (great) (0.994)
[00:36:18] 016953.jpg tile=(896,336) offset=(48, -92) wiggle (out) (0.905)
[00:36:18] 016954.jpg tile=(896,448) offset=(48, 20) wiggle (out) (0.966)
[00:36:18] 016955.jpg tile=(896,336) offset=(48, -92) wiggle (out) (0.983)
[00:36:19] 016956.jpg tile=(896,336) offset=(48, -92) wiggle (out) (0.969)
[00:36:21] 016961.jpg tile=(896,448) offset=(48, 20) wiggle (out) (0.987)
[00:36:21] 016962.jpg tile=(896,448) offset=(48, 20) wiggle (out) (0.989)
[00:36:21] 016963.jpg tile=(896,448) offset=(48, 20) wiggle (out) (0.993)
[00:36:22] 016964.jpg tile=(896,448) offset=(48, 20) wiggle (out) (0.997)
[00:36:22] 016965.jpg tile=(896,448) offset=(48, 20) wiggle (out) (0.997)
[00:36:23] 016966.jpg tile=(896,448) offset=(48, 20) wiggle (out) (0.996)
[00:36:23] 016967.jpg tile=(896,448) offset=(48, 20) wiggle (out) (0.995)
[00:36:23] 016968.jpg tile=(896,448) offset=(48, 20) wiggle (out) (0.985)
[00:36:24] 016969.jpg tile=(896,448) offset=(48, 20) wiggle (out) (0.979)
[00:36:24] 016970.jpg tile=(896,448) offset=(48, 20) wiggle (frontier) (0.957)
[00:36:25] 016972.jpg tile=(896,448) offset=(48, 20) wiggle (great) (1.000)
[00:36:25] 016973.jpg tile=(896,448) offset=(48, 20) wiggle (frontier) (0.952)
[00:36:26] 016974.jpg tile=(896,448) offset=(48, 20) wiggle (out) (0.952)
[00:36:27] 016978.jpg tile=(896,448) offset=(48, 20) full black (out) (0.946)
[00:36:28] 016979.jpg tile=(896,448) offset=(48, 20) full black (out) (0.929)
[00:36:28] 016980.jpg tile=(896,448) offset=(48, 20) full black (out) (0.960)
[00:36:29] 016982.jpg tile=(784,448) offset=(-64, 20) wiggle (out) (0.983)
[00:36:29] 016983.jpg tile=(896,448) offset=(48, 20) wiggle (out) (0.970)
[00:36:30] 016984.jpg tile=(896,448) offset=(48, 20) wiggle (out) (0.981)
[00:36:30] 016985.jpg tile=(784,448) offset=(-64, 20) wiggle (out) (0.991)
[00:36:30] 016986.jpg tile=(784,448) offset=(-64, 20) wiggle (out) (0.988)
[00:36:31] 016987.jpg tile=(784,448) offset=(-64, 20) wiggle (out) (0.997)
[00:36:31] 016988.jpg tile=(784,448) offset=(-64, 20) wiggle (out) (0.998)
[00:36:32] 016989.jpg tile=(784,448) offset=(-64, 20) wiggle (out) (0.991)
[00:36:33] 016992.jpg tile=(784,448) offset=(-64, 20) wiggle (great) (0.999)
[00:36:33] 016993.jpg tile=(896,448) offset=(48, 20) wiggle (out) (0.904)
[00:36:34] 016994.jpg tile=(784,448) offset=(-64, 20) wiggle (out) (0.931)
[00:36:34] 016995.jpg tile=(784,448) offset=(-64, 20) wiggle (out) (0.944)
[00:36:35]   17000/28800 frames, 2.8 fps, ~71.0 min left
[00:36:36] 017002.jpg tile=(896,448) offset=(48, 20) wiggle (out) (0.977)
[00:36:37] 017003.jpg tile=(896,448) offset=(48, 20) wiggle (out) (0.943)
[00:36:37] 017004.jpg tile=(896,448) offset=(48, 20) wiggle (out) (0.962)
[00:36:38] 017005.jpg tile=(896,448) offset=(48, 20) wiggle (out) (0.957)
[00:36:38] 017006.jpg tile=(896,448) offset=(48, 20) wiggle (out) (0.977)
[00:36:38] 017007.jpg tile=(896,448) offset=(48, 20) wiggle (out) (0.997)
[00:36:39] 017008.jpg tile=(896,448) offset=(48, 20) wiggle (out) (0.998)
[00:36:39] 017009.jpg tile=(896,448) offset=(48, 20) wiggle (out) (0.993)
[00:36:40] 017010.jpg tile=(896,448) offset=(48, 20) wiggle (out) (0.974)
[00:36:40] 017011.jpg tile=(784,448) offset=(-64, 20) wiggle (out) (0.922)
[00:36:40] 017012.jpg tile=(896,448) offset=(48, 20) wiggle (frontier) (0.948)
[00:36:41] 017013.jpg tile=(896,448) offset=(48, 20) wiggle (out) (0.994)
[00:36:41] 017014.jpg tile=(896,448) offset=(48, 20) wiggle (out) (0.992)
[00:36:42] 017015.jpg tile=(896,336) offset=(48, -92) wiggle (out) (0.964)
[00:36:42] 017016.jpg tile=(896,336) offset=(48, -92) wiggle (out) (0.982)
[00:36:43] 017018.jpg tile=(784,336) offset=(-64, -92) wiggle (out) (0.905)
[00:36:44] 017020.jpg tile=(896,336) offset=(48, -92) wiggle (out) (0.901)
[00:36:44] 017021.jpg tile=(784,448) offset=(-64, 20) full black (out) (0.938)
[00:36:44] 017022.jpg tile=(784,448) offset=(-64, 20) wiggle (out) (0.993)
[00:36:45] 017023.jpg tile=(896,448) offset=(48, 20) wiggle (out) (0.984)
[00:36:45] 017024.jpg tile=(784,448) offset=(-64, 20) wiggle (out) (0.988)
[00:36:46] 017025.jpg tile=(784,448) offset=(-64, 20) wiggle (out) (0.997)
[00:36:46] 017026.jpg tile=(784,448) offset=(-64, 20) wiggle (out) (0.997)
[00:36:46] 017027.jpg tile=(784,448) offset=(-64, 20) wiggle (out) (0.999)
[00:36:47] 017028.jpg tile=(784,448) offset=(-64, 20) wiggle (out) (0.998)
[00:36:47] 017029.jpg tile=(784,448) offset=(-64, 20) wiggle (out) (0.996)
[00:36:48] 017030.jpg tile=(896,448) offset=(48, 20) wiggle (out) (0.955)
[00:36:48] 017032.jpg tile=(784,336) offset=(-64, -92) wiggle (great) (0.978)
[00:36:49] 017033.jpg tile=(784,448) offset=(-64, 20) wiggle (frontier) (0.929)
[00:36:49] 017034.jpg tile=(896,336) offset=(48, -92) wiggle (out) (0.954)
[00:36:50] 017035.jpg tile=(896,336) offset=(48, -92) wiggle (out) (0.954)
[00:36:50] 017036.jpg tile=(896,336) offset=(48, -92) wiggle (out) (0.988)
[00:36:50] 017037.jpg tile=(896,336) offset=(48, -92) wiggle (out) (0.991)
[00:36:51] 017038.jpg tile=(896,336) offset=(48, -92) wiggle (out) (0.987)
[00:36:51] 017039.jpg tile=(896,336) offset=(48, -92) wiggle (out) (0.951)
[00:36:52] 017040.jpg tile=(896,336) offset=(48, -92) wiggle (out) (0.959)
[00:36:52] 017041.jpg tile=(896,336) offset=(48, -92) wiggle (out) (0.956)
[00:36:52] 017042.jpg tile=(784,448) offset=(-64, 20) wiggle (out) (0.969)
[00:36:53] 017043.jpg tile=(784,336) offset=(-64, -92) wiggle (out) (0.928)
[00:36:53] 017044.jpg tile=(784,448) offset=(-64, 20) wiggle (out) (0.961)
[00:36:53] 017045.jpg tile=(784,448) offset=(-64, 20) wiggle (out) (0.965)
[00:36:54] 017046.jpg tile=(896,448) offset=(48, 20) wiggle (out) (0.980)
[00:36:54] 017047.jpg tile=(896,448) offset=(48, 20) wiggle (out) (0.997)
[00:36:55] 017048.jpg tile=(896,448) offset=(48, 20) wiggle (out) (0.978)
[00:36:55] 017049.jpg tile=(896,448) offset=(48, 20) wiggle (out) (0.991)
[00:36:55] 017050.jpg tile=(896,448) offset=(48, 20) wiggle (out) (0.918)
[00:36:56] 017051.jpg tile=(896,448) offset=(48, 20) wiggle (great) (1.000)
[00:36:56] 017052.jpg tile=(896,448) offset=(48, 20) wiggle (great) (0.998)
[00:36:57] 017054.jpg tile=(896,448) offset=(48, 20) wiggle (out) (0.990)
[00:36:57] 017055.jpg tile=(896,448) offset=(48, 20) wiggle (out) (0.965)
[00:36:58] 017056.jpg tile=(896,336) offset=(48, -92) wiggle (out) (0.961)
[00:36:58] 017057.jpg tile=(896,336) offset=(48, -92) wiggle (out) (0.915)
[00:37:00] 017061.jpg tile=(784,448) offset=(-64, 20) wiggle (out) (0.950)
[00:37:00] 017062.jpg tile=(784,448) offset=(-64, 20) wiggle (out) (0.969)
[00:37:01] 017063.jpg tile=(896,448) offset=(48, 20) wiggle (out) (0.964)
[00:37:01] 017064.jpg tile=(896,336) offset=(48, -92) wiggle (out) (0.980)
[00:37:01] 017065.jpg tile=(896,336) offset=(48, -92) wiggle (out) (0.987)
[00:37:02] 017066.jpg tile=(896,448) offset=(48, 20) wiggle (out) (0.978)
[00:37:02] 017067.jpg tile=(896,448) offset=(48, 20) wiggle (out) (0.978)
[00:37:03] 017068.jpg tile=(896,448) offset=(48, 20) wiggle (out) (0.993)
[00:37:03] 017069.jpg tile=(896,448) offset=(48, 20) wiggle (out) (0.988)
[00:37:03] 017070.jpg tile=(896,448) offset=(48, 20) wiggle (out) (0.966)
[00:37:04] 017073.jpg tile=(896,448) offset=(48, 20) wiggle (out) (0.981)
[00:37:05] 017074.jpg tile=(896,448) offset=(48, 20) wiggle (out) (0.995)
[00:37:05] 017075.jpg tile=(896,336) offset=(48, -92) wiggle (out) (0.987)
[00:37:06] 017076.jpg tile=(784,336) offset=(-64, -92) full black (out) (0.986)
[00:37:06] 017077.jpg tile=(896,336) offset=(48, -92) wiggle (out) (0.923)
[00:37:06] 017078.jpg tile=(896,336) offset=(48, -92) wiggle (out) (0.921)
[00:37:07] 017079.jpg tile=(896,336) offset=(48, -92) wiggle (out) (0.911)
[00:37:07] 017080.jpg tile=(896,336) offset=(48, -92) wiggle (out) (0.996)
[00:37:08] 017081.jpg tile=(896,336) offset=(48, -92) wiggle (out) (0.973)
[00:37:08] 017082.jpg tile=(784,448) offset=(-64, 20) wiggle (out) (0.997)
[00:37:08] 017083.jpg tile=(896,336) offset=(48, -92) wiggle (out) (0.993)
[00:37:09] 017084.jpg tile=(784,448) offset=(-64, 20) wiggle (out) (0.995)
[00:37:14]   17100/28800 frames, 2.8 fps, ~70.5 min left
[00:37:50]   17200/28800 frames, 2.8 fps, ~69.9 min left
[00:38:26]   17300/28800 frames, 2.8 fps, ~69.3 min left
[00:39:02]   17400/28800 frames, 2.8 fps, ~68.6 min left
[00:39:37]   17500/28800 frames, 2.8 fps, ~68.0 min left
[00:40:13]   17600/28800 frames, 2.8 fps, ~67.4 min left
[00:40:49]   17700/28800 frames, 2.8 fps, ~66.8 min left
[00:41:25]   17800/28800 frames, 2.8 fps, ~66.2 min left
[00:42:01]   17900/28800 frames, 2.8 fps, ~65.6 min left
[00:42:37]   18000/28800 frames, 2.8 fps, ~65.0 min left
[00:43:12]   18100/28800 frames, 2.8 fps, ~64.4 min left
[00:43:48]   18200/28800 frames, 2.8 fps, ~63.8 min left
[00:44:24]   18300/28800 frames, 2.8 fps, ~63.2 min left
[00:45:00]   18400/28800 frames, 2.8 fps, ~62.6 min left
[00:45:14] 018440.jpg tile=(896,448) offset=(48, 20) repair-heal (out) (1.000)
[00:45:15] 018441.jpg tile=(896,448) offset=(48, 20) repair-heal (out) (1.000)
[00:45:15] 018442.jpg tile=(896,448) offset=(48, 20) repair-heal (out) (1.000)
[00:45:15] 018443.jpg tile=(896,448) offset=(48, 20) repair-heal (out) (1.000)
[00:45:16] 018444.jpg tile=(896,448) offset=(48, 20) repair-heal (out) (1.000)
[00:45:16] 018445.jpg tile=(896,448) offset=(48, 20) repair-heal (out) (1.000)
[00:45:17] 018446.jpg tile=(896,448) offset=(48, 20) repair-heal (out) (1.000)
[00:45:17] 018447.jpg tile=(896,448) offset=(48, 20) repair-heal (out) (1.000)
[00:45:17] 018448.jpg tile=(896,448) offset=(48, 20) repair-heal (out) (1.000)
[00:45:18] 018449.jpg tile=(896,448) offset=(48, 20) repair-heal (out) (1.000)
[00:45:18] 018450.jpg tile=(896,448) offset=(48, 20) repair-heal (out) (1.000)
[00:45:19] 018451.jpg tile=(896,448) offset=(48, 20) repair-heal (ante-frontier) (1.000)
[00:45:19] 018452.jpg tile=(896,448) offset=(48, 20) repair-heal (great) (1.000)
[00:45:20] 018453.jpg tile=(896,448) offset=(48, 20) repair-heal (great) (1.000)
[00:45:20] 018454.jpg tile=(896,448) offset=(48, 20) repair-heal (great) (1.000)
[00:45:20] 018455.jpg tile=(896,448) offset=(48, 20) repair-heal (great) (1.000)
[00:45:21] 018456.jpg tile=(896,448) offset=(48, 20) repair-heal (great) (1.000)
[00:45:21] 018457.jpg tile=(896,448) offset=(48, 20) repair-heal (great) (1.000)
[00:45:22] 018458.jpg tile=(896,448) offset=(48, 20) repair-heal (great) (1.000)
[00:45:22] 018459.jpg tile=(896,448) offset=(48, 20) repair-heal (great) (1.000)
[00:45:22] 018460.jpg tile=(896,448) offset=(48, 20) repair-heal (great) (1.000)
[00:45:23] 018461.jpg tile=(896,448) offset=(48, 20) repair-heal (great) (1.000)
[00:45:36]   18500/28800 frames, 2.8 fps, ~62.0 min left
[00:46:12]   18600/28800 frames, 2.8 fps, ~61.4 min left
[00:46:48]   18700/28800 frames, 2.8 fps, ~60.8 min left
[00:47:24]   18800/28800 frames, 2.8 fps, ~60.2 min left
[00:48:00]   18900/28800 frames, 2.8 fps, ~59.6 min left
[00:48:36]   19000/28800 frames, 2.8 fps, ~59.0 min left
[00:49:11]   19100/28800 frames, 2.8 fps, ~58.4 min left
[00:49:47]   19200/28800 frames, 2.8 fps, ~57.8 min left
[00:50:23]   19300/28800 frames, 2.8 fps, ~57.2 min left
[00:50:59]   19400/28800 frames, 2.8 fps, ~56.6 min left
[00:51:26] 019473.jpg tile=(784,448) offset=(-64, 20) repair-heal (out) (1.000)
[00:51:26] 019474.jpg tile=(784,448) offset=(-64, 20) repair-heal (out) (1.000)
[00:51:27] 019475.jpg tile=(784,336) offset=(-64, -92) repair-heal (out) (0.999)
[00:51:27] 019476.jpg tile=(784,448) offset=(-64, 20) repair-heal (out) (1.000)
[00:51:27] 019477.jpg tile=(784,448) offset=(-64, 20) repair-heal (out) (0.999)
[00:51:28] 019478.jpg tile=(784,448) offset=(-64, 20) repair-heal (out) (0.999)
[00:51:28] 019479.jpg tile=(784,448) offset=(-64, 20) repair-heal (out) (0.998)
[00:51:29] 019480.jpg tile=(784,448) offset=(-64, 20) repair-heal (out) (0.998)
[00:51:29] 019481.jpg tile=(784,448) offset=(-64, 20) repair-heal (out) (0.998)
[00:51:29] 019482.jpg tile=(896,448) offset=(48, 20) full black (out) (0.998)
[00:51:30] 019483.jpg tile=(784,448) offset=(-64, 20) repair-heal (out) (0.999)
[00:51:30] 019484.jpg tile=(784,448) offset=(-64, 20) repair-heal (out) (0.999)
[00:51:30] 019485.jpg tile=(784,448) offset=(-64, 20) repair-heal (out) (1.000)
[00:51:31] 019486.jpg tile=(784,448) offset=(-64, 20) repair-heal (out) (1.000)
[00:51:31] 019487.jpg tile=(784,448) offset=(-64, 20) repair-heal (out) (1.000)
[00:51:32] 019488.jpg tile=(784,448) offset=(-64, 20) repair-heal (out) (1.000)
[00:51:32] 019489.jpg tile=(784,448) offset=(-64, 20) repair-heal (out) (1.000)
[00:51:32] 019490.jpg tile=(784,448) offset=(-64, 20) repair-heal (out) (1.000)
[00:51:33] 019491.jpg tile=(784,448) offset=(-64, 20) repair-heal (out) (1.000)
[00:51:33] 019492.jpg tile=(784,448) offset=(-64, 20) repair-heal (out) (1.000)
[00:51:34] 019493.jpg tile=(784,448) offset=(-64, 20) repair-heal (out) (1.000)
[00:51:34] 019494.jpg tile=(784,448) offset=(-64, 20) repair-heal (out) (1.000)
[00:51:34] 019495.jpg tile=(784,448) offset=(-64, 20) repair-heal (out) (1.000)
[00:51:35] 019496.jpg tile=(784,448) offset=(-64, 20) repair-heal (ante-frontier) (0.981)
[00:51:35] 019497.jpg tile=(784,448) offset=(-64, 20) repair-heal (great) (1.000)
[00:51:36] 019498.jpg tile=(784,448) offset=(-64, 20) repair-heal (great) (1.000)
[00:51:36] 019499.jpg tile=(784,448) offset=(-64, 20) repair-heal (great) (1.000)
[00:51:36]   19500/28800 frames, 2.8 fps, ~56.0 min left
[00:51:36] 019500.jpg tile=(784,448) offset=(-64, 20) repair-heal (great) (1.000)
[00:51:37] 019501.jpg tile=(784,448) offset=(-64, 20) repair-heal (great) (1.000)
[00:51:37] 019502.jpg tile=(784,448) offset=(-64, 20) repair-heal (great) (1.000)
[00:51:38] 019503.jpg tile=(784,448) offset=(-64, 20) repair-heal (great) (1.000)
[00:51:38] 019504.jpg tile=(784,448) offset=(-64, 20) repair-heal (great) (1.000)
[00:51:38] 019505.jpg tile=(784,448) offset=(-64, 20) repair-heal (great) (1.000)
[00:52:12]   19600/28800 frames, 2.8 fps, ~55.4 min left
[00:52:48]   19700/28800 frames, 2.8 fps, ~54.8 min left
[00:53:24]   19800/28800 frames, 2.8 fps, ~54.2 min left
[00:54:00]   19900/28800 frames, 2.8 fps, ~53.6 min left
[00:54:36]   20000/28800 frames, 2.8 fps, ~53.0 min left
[00:55:11]   20100/28800 frames, 2.8 fps, ~52.3 min left
[00:55:47]   20200/28800 frames, 2.8 fps, ~51.7 min left
[00:56:23]   20300/28800 frames, 2.8 fps, ~51.1 min left
[00:56:59]   20400/28800 frames, 2.8 fps, ~50.5 min left
[00:57:35]   20500/28800 frames, 2.8 fps, ~49.9 min left
[00:57:53] 020549.jpg tile=(784,448) offset=(-64, 20) repair-heal (out) (0.999)
[00:57:53] 020550.jpg tile=(784,448) offset=(-64, 20) repair-heal (out) (0.999)
[00:57:54] 020551.jpg tile=(784,448) offset=(-64, 20) repair-heal (out) (0.996)
[00:57:54] 020552.jpg tile=(784,448) offset=(-64, 20) repair-heal (out) (0.998)
[00:57:54] 020553.jpg tile=(784,448) offset=(-64, 20) repair-heal (out) (0.997)
[00:57:55] 020554.jpg tile=(784,448) offset=(-64, 20) repair-heal (out) (0.996)
[00:57:55] 020555.jpg tile=(784,448) offset=(-64, 20) repair-heal (out) (0.994)
[00:57:56] 020556.jpg tile=(784,448) offset=(-64, 20) repair-heal (out) (0.990)
[00:57:56] 020557.jpg tile=(784,448) offset=(-64, 20) repair-heal (out) (0.993)
[00:57:57] 020558.jpg tile=(784,448) offset=(-64, 20) repair-heal (out) (0.995)
[00:57:57] 020559.jpg tile=(784,448) offset=(-64, 20) repair-heal (out) (0.997)
[00:57:57] 020560.jpg tile=(784,448) offset=(-64, 20) repair-heal (out) (0.999)
[00:57:58] 020561.jpg tile=(784,448) offset=(-64, 20) repair-heal (out) (0.998)
[00:57:58] 020562.jpg tile=(896,448) offset=(48, 20) full black (out) (0.998)
[00:57:59] 020563.jpg tile=(896,448) offset=(48, 20) full black (out) (0.999)
[00:57:59] 020564.jpg tile=(784,448) offset=(-64, 20) repair-heal (out) (1.000)
[00:57:59] 020565.jpg tile=(784,448) offset=(-64, 20) repair-heal (out) (1.000)
[00:58:00] 020566.jpg tile=(784,448) offset=(-64, 20) repair-heal (out) (1.000)
[00:58:00] 020567.jpg tile=(784,448) offset=(-64, 20) repair-heal (out) (1.000)
[00:58:01] 020568.jpg tile=(784,448) offset=(-64, 20) repair-heal (out) (1.000)
[00:58:01] 020569.jpg tile=(784,448) offset=(-64, 20) repair-heal (out) (1.000)
[00:58:01] 020570.jpg tile=(784,448) offset=(-64, 20) repair-heal (out) (0.999)
[00:58:02] 020571.jpg tile=(784,448) offset=(-64, 20) repair-heal (ante-frontier) (0.996)
[00:58:02] 020572.jpg tile=(784,448) offset=(-64, 20) repair-heal (great) (0.999)
[00:58:03] 020573.jpg tile=(784,448) offset=(-64, 20) repair-heal (great) (0.998)
[00:58:03] 020574.jpg tile=(784,448) offset=(-64, 20) repair-heal (great) (0.995)
[00:58:03] 020575.jpg tile=(784,448) offset=(-64, 20) repair-heal (great) (0.993)
[00:58:04] 020576.jpg tile=(784,448) offset=(-64, 20) repair-heal (great) (0.995)
[00:58:04] 020577.jpg tile=(784,448) offset=(-64, 20) repair-heal (great) (0.996)
[00:58:05] 020578.jpg tile=(784,448) offset=(-64, 20) repair-heal (great) (0.997)
[00:58:05] 020579.jpg tile=(784,448) offset=(-64, 20) repair-heal (great) (0.999)
[00:58:12]   20600/28800 frames, 2.8 fps, ~49.3 min left
[00:58:48]   20700/28800 frames, 2.8 fps, ~48.7 min left
[00:59:04] 020742.jpg tile=(896,448) offset=(48, 20) repair-heal (out) (1.000)
[00:59:04] 020743.jpg tile=(896,448) offset=(48, 20) repair-heal (out) (1.000)
[00:59:04] 020744.jpg tile=(896,448) offset=(48, 20) repair-heal (out) (1.000)
[00:59:05] 020745.jpg tile=(896,448) offset=(48, 20) repair-heal (out) (1.000)
[00:59:05] 020746.jpg tile=(896,448) offset=(48, 20) repair-heal (out) (1.000)
[00:59:06] 020747.jpg tile=(896,448) offset=(48, 20) repair-heal (out) (1.000)
[00:59:06] 020748.jpg tile=(896,448) offset=(48, 20) repair-heal (out) (1.000)
[00:59:06] 020749.jpg tile=(896,448) offset=(48, 20) repair-heal (out) (1.000)
[00:59:07] 020750.jpg tile=(896,448) offset=(48, 20) repair-heal (out) (1.000)
[00:59:07] 020751.jpg tile=(896,448) offset=(48, 20) repair-heal (out) (1.000)
[00:59:08] 020752.jpg tile=(896,448) offset=(48, 20) repair-heal (out) (1.000)
[00:59:08] 020753.jpg tile=(896,448) offset=(48, 20) repair-heal (out) (1.000)
[00:59:08] 020754.jpg tile=(896,448) offset=(48, 20) repair-heal (out) (1.000)
[00:59:09] 020755.jpg tile=(896,448) offset=(48, 20) repair-heal (ante-frontier) (0.999)
[00:59:09] 020756.jpg tile=(896,448) offset=(48, 20) repair-heal (great) (1.000)
[00:59:10] 020757.jpg tile=(896,448) offset=(48, 20) repair-heal (great) (1.000)
[00:59:10] 020758.jpg tile=(896,448) offset=(48, 20) repair-heal (great) (1.000)
[00:59:11] 020759.jpg tile=(896,448) offset=(48, 20) repair-heal (great) (1.000)
[00:59:11] 020760.jpg tile=(896,448) offset=(48, 20) repair-heal (great) (1.000)
[00:59:11] 020761.jpg tile=(896,448) offset=(48, 20) repair-heal (great) (1.000)
[00:59:12] 020762.jpg tile=(896,448) offset=(48, 20) repair-heal (great) (1.000)
[00:59:12] 020763.jpg tile=(896,448) offset=(48, 20) repair-heal (great) (1.000)
[00:59:25]   20800/28800 frames, 2.8 fps, ~48.1 min left
[01:00:01]   20900/28800 frames, 2.8 fps, ~47.5 min left
[01:00:37]   21000/28800 frames, 2.8 fps, ~46.9 min left
[01:01:13]   21100/28800 frames, 2.8 fps, ~46.3 min left
[01:01:49]   21200/28800 frames, 2.8 fps, ~45.7 min left
[01:02:25]   21300/28800 frames, 2.8 fps, ~45.1 min left
[01:03:00]   21400/28800 frames, 2.8 fps, ~44.5 min left
[01:03:36]   21500/28800 frames, 2.8 fps, ~43.9 min left
[01:04:12]   21600/28800 frames, 2.8 fps, ~43.3 min left
[01:04:48]   21700/28800 frames, 2.8 fps, ~42.7 min left
[01:04:49] 021700.jpg tile=(784,448) offset=(-64, 20) repair-heal (out) (0.997)
[01:04:49] 021701.jpg tile=(896,448) offset=(48, 20) repair-heal (out) (0.995)
[01:04:50] 021702.jpg tile=(896,448) offset=(48, 20) repair-heal (out) (0.999)
[01:04:50] 021703.jpg tile=(896,448) offset=(48, 20) repair-heal (out) (1.000)
[01:04:50] 021704.jpg tile=(896,448) offset=(48, 20) repair-heal (out) (1.000)
[01:04:51] 021705.jpg tile=(896,448) offset=(48, 20) repair-heal (out) (1.000)
[01:04:51] 021706.jpg tile=(896,448) offset=(48, 20) repair-heal (out) (1.000)
[01:04:52] 021707.jpg tile=(896,448) offset=(48, 20) repair-heal (out) (1.000)
[01:04:52] 021708.jpg tile=(896,448) offset=(48, 20) repair-heal (out) (1.000)
[01:04:52] 021709.jpg tile=(896,448) offset=(48, 20) repair-heal (out) (1.000)
[01:04:53] 021710.jpg tile=(896,448) offset=(48, 20) repair-heal (out) (1.000)
[01:04:53] 021711.jpg tile=(896,448) offset=(48, 20) repair-heal (out) (1.000)
[01:04:54] 021712.jpg tile=(896,448) offset=(48, 20) repair-heal (out) (0.999)
[01:04:54] 021713.jpg tile=(784,448) offset=(-64, 20) repair-heal (out) (1.000)
[01:04:54] 021714.jpg tile=(896,448) offset=(48, 20) repair-heal (out) (1.000)
[01:04:55] 021715.jpg tile=(784,448) offset=(-64, 20) repair-heal (out) (1.000)
[01:04:55] 021716.jpg tile=(784,448) offset=(-64, 20) repair-heal (out) (1.000)
[01:04:56] 021717.jpg tile=(784,448) offset=(-64, 20) repair-heal (out) (1.000)
[01:04:56] 021718.jpg tile=(784,448) offset=(-64, 20) repair-heal (out) (1.000)
[01:04:57] 021720.jpg tile=(784,448) offset=(-64, 20) repair-heal (great) (1.000)
[01:04:57] 021721.jpg tile=(784,448) offset=(-64, 20) repair-heal (great) (1.000)
[01:04:58] 021722.jpg tile=(784,448) offset=(-64, 20) repair-heal (great) (1.000)
[01:04:58] 021723.jpg tile=(784,448) offset=(-64, 20) repair-heal (great) (1.000)
[01:04:58] 021724.jpg tile=(784,448) offset=(-64, 20) repair-heal (great) (1.000)
[01:04:59] 021725.jpg tile=(784,448) offset=(-64, 20) repair-heal (great) (1.000)
[01:04:59] 021726.jpg tile=(784,448) offset=(-64, 20) repair-heal (great) (0.999)
[01:05:00] 021727.jpg tile=(784,448) offset=(-64, 20) repair-heal (great) (1.000)
[01:05:00] 021728.jpg tile=(784,448) offset=(-64, 20) repair-heal (great) (1.000)
[01:05:26]   21800/28800 frames, 2.8 fps, ~42.1 min left
[01:05:28] 021807.jpg tile=(896,448) offset=(48, 20) repair-heal (out) (0.978)
[01:05:29] 021808.jpg tile=(896,448) offset=(48, 20) repair-heal (out) (0.984)
[01:05:29] 021809.jpg tile=(896,448) offset=(48, 20) repair-heal (out) (0.990)
[01:05:30] 021810.jpg tile=(896,448) offset=(48, 20) repair-heal (out) (0.998)
[01:05:30] 021811.jpg tile=(896,448) offset=(48, 20) repair-heal (out) (1.000)
[01:05:31] 021812.jpg tile=(896,448) offset=(48, 20) repair-heal (out) (1.000)
[01:05:31] 021813.jpg tile=(896,448) offset=(48, 20) repair-heal (out) (1.000)
[01:05:31] 021814.jpg tile=(896,448) offset=(48, 20) repair-heal (out) (1.000)
[01:05:32] 021815.jpg tile=(896,448) offset=(48, 20) repair-heal (out) (1.000)
[01:05:32] 021816.jpg tile=(896,448) offset=(48, 20) repair-heal (out) (0.999)
[01:05:33] 021818.jpg tile=(896,448) offset=(48, 20) repair-heal (great) (0.999)
[01:05:33] 021819.jpg tile=(896,448) offset=(48, 20) repair-heal (great) (1.000)
[01:05:34] 021820.jpg tile=(896,448) offset=(48, 20) repair-heal (great) (1.000)
[01:05:34] 021821.jpg tile=(896,448) offset=(48, 20) repair-heal (great) (0.957)
[01:05:35] 021822.jpg tile=(896,448) offset=(48, 20) repair-heal (great) (0.931)
[01:05:35] 021823.jpg tile=(896,448) offset=(48, 20) repair-heal (great) (0.932)
[01:05:35] 021824.jpg tile=(896,448) offset=(48, 20) repair-heal (great) (0.922)
[01:05:36] 021825.jpg tile=(896,448) offset=(48, 20) repair-heal (great) (0.938)
[01:05:36] 021826.jpg tile=(896,448) offset=(48, 20) repair-heal (great) (0.933)
[01:05:37] 021827.jpg tile=(896,448) offset=(48, 20) repair-heal (great) (0.927)
[01:05:37] 021828.jpg tile=(896,448) offset=(48, 20) repair-heal (great) (0.928)
[01:06:03]   21900/28800 frames, 2.8 fps, ~41.5 min left
[01:06:38]   22000/28800 frames, 2.8 fps, ~40.9 min left
[01:07:14]   22100/28800 frames, 2.8 fps, ~40.3 min left
[01:07:50]   22200/28800 frames, 2.8 fps, ~39.7 min left
[01:08:26]   22300/28800 frames, 2.8 fps, ~39.1 min left
[01:09:02]   22400/28800 frames, 2.8 fps, ~38.5 min left
[01:09:38]   22500/28800 frames, 2.8 fps, ~37.9 min left
[01:10:13]   22600/28800 frames, 2.8 fps, ~37.3 min left
[01:10:49]   22700/28800 frames, 2.8 fps, ~36.7 min left
[01:11:25]   22800/28800 frames, 2.8 fps, ~36.1 min left
[01:12:01]   22900/28800 frames, 2.8 fps, ~35.5 min left
[01:12:35] 022994.jpg tile=(784,448) offset=(-64, 20) repair-heal (out) (1.000)
[01:12:36] 022995.jpg tile=(784,448) offset=(-64, 20) repair-heal (out) (1.000)
[01:12:36] 022996.jpg tile=(784,448) offset=(-64, 20) repair-heal (out) (1.000)
[01:12:36] 022997.jpg tile=(784,448) offset=(-64, 20) repair-heal (out) (1.000)
[01:12:37] 022998.jpg tile=(784,448) offset=(-64, 20) repair-heal (out) (1.000)
[01:12:37] 022999.jpg tile=(784,448) offset=(-64, 20) repair-heal (out) (0.999)
[01:12:37]   23000/28800 frames, 2.8 fps, ~34.9 min left
[01:12:38] 023000.jpg tile=(784,448) offset=(-64, 20) repair-heal (out) (0.998)
[01:12:38] 023001.jpg tile=(784,448) offset=(-64, 20) repair-heal (out) (0.998)
[01:12:38] 023002.jpg tile=(784,448) offset=(-64, 20) repair-heal (out) (0.998)
[01:12:39] 023003.jpg tile=(784,448) offset=(-64, 20) repair-heal (out) (1.000)
[01:12:39] 023004.jpg tile=(784,448) offset=(-64, 20) repair-heal (out) (1.000)
[01:12:40] 023005.jpg tile=(784,448) offset=(-64, 20) repair-heal (out) (1.000)
[01:12:40] 023006.jpg tile=(784,448) offset=(-64, 20) repair-heal (out) (1.000)
[01:12:40] 023007.jpg tile=(784,448) offset=(-64, 20) repair-heal (out) (1.000)
[01:12:41] 023008.jpg tile=(784,448) offset=(-64, 20) repair-heal (out) (1.000)
[01:12:41] 023009.jpg tile=(784,448) offset=(-64, 20) repair-heal (out) (1.000)
[01:12:42] 023010.jpg tile=(784,448) offset=(-64, 20) repair-heal (out) (1.000)
[01:12:42] 023011.jpg tile=(784,448) offset=(-64, 20) repair-heal (out) (1.000)
[01:12:42] 023012.jpg tile=(784,448) offset=(-64, 20) repair-heal (out) (1.000)
[01:12:43] 023013.jpg tile=(784,448) offset=(-64, 20) repair-heal (great) (0.999)
[01:12:43] 023014.jpg tile=(784,448) offset=(-64, 20) repair-heal (great) (0.998)
[01:12:44] 023015.jpg tile=(784,448) offset=(-64, 20) repair-heal (great) (0.998)
[01:12:44] 023016.jpg tile=(784,448) offset=(-64, 20) repair-heal (great) (0.998)
[01:12:44] 023017.jpg tile=(784,448) offset=(-64, 20) repair-heal (great) (0.999)
[01:12:45] 023018.jpg tile=(784,448) offset=(-64, 20) repair-heal (great) (0.999)
[01:12:45] 023019.jpg tile=(784,448) offset=(-64, 20) repair-heal (great) (0.999)
[01:12:46] 023020.jpg tile=(784,448) offset=(-64, 20) repair-heal (great) (0.999)
[01:12:46] 023021.jpg tile=(784,448) offset=(-64, 20) repair-heal (great) (0.999)
[01:13:14]   23100/28800 frames, 2.8 fps, ~34.3 min left
[01:13:50]   23200/28800 frames, 2.8 fps, ~33.7 min left
[01:13:53] 023209.jpg tile=(896,448) offset=(48, 20) repair-heal (out) (1.000)
[01:13:54] 023210.jpg tile=(896,448) offset=(48, 20) repair-heal (out) (1.000)
[01:13:54] 023211.jpg tile=(896,448) offset=(48, 20) repair-heal (out) (1.000)
[01:13:55] 023212.jpg tile=(896,448) offset=(48, 20) repair-heal (out) (1.000)
[01:13:55] 023213.jpg tile=(896,448) offset=(48, 20) repair-heal (out) (1.000)
[01:13:55] 023214.jpg tile=(896,448) offset=(48, 20) repair-heal (out) (1.000)
[01:13:56] 023215.jpg tile=(896,448) offset=(48, 20) repair-heal (out) (1.000)
[01:13:56] 023216.jpg tile=(896,448) offset=(48, 20) repair-heal (out) (1.000)
[01:13:57] 023217.jpg tile=(896,448) offset=(48, 20) repair-heal (out) (1.000)
[01:13:57] 023218.jpg tile=(896,448) offset=(48, 20) repair-heal (out) (1.000)
[01:13:57] 023219.jpg tile=(896,448) offset=(48, 20) repair-heal (out) (1.000)
[01:13:58] 023220.jpg tile=(896,448) offset=(48, 20) repair-heal (out) (1.000)
[01:13:58] 023221.jpg tile=(896,448) offset=(48, 20) repair-heal (out) (1.000)
[01:13:59] 023222.jpg tile=(896,448) offset=(48, 20) repair-heal (out) (1.000)
[01:13:59] 023223.jpg tile=(896,448) offset=(48, 20) repair-heal (out) (1.000)
[01:13:59] 023224.jpg tile=(784,448) offset=(-64, 20) repair-heal (great) (1.000)
[01:14:00] 023225.jpg tile=(896,448) offset=(48, 20) repair-heal (great) (1.000)
[01:14:00] 023226.jpg tile=(896,448) offset=(48, 20) repair-heal (great) (1.000)
[01:14:00] 023227.jpg tile=(784,448) offset=(-64, 20) repair-heal (great) (1.000)
[01:14:01] 023228.jpg tile=(784,448) offset=(-64, 20) repair-heal (great) (1.000)
[01:14:01] 023229.jpg tile=(784,448) offset=(-64, 20) repair-heal (great) (1.000)
[01:14:02] 023230.jpg tile=(784,448) offset=(-64, 20) repair-heal (great) (1.000)
[01:14:02] 023231.jpg tile=(784,448) offset=(-64, 20) repair-heal (great) (1.000)
[01:14:02] 023232.jpg tile=(784,448) offset=(-64, 20) repair-heal (great) (1.000)
[01:14:03] 023233.jpg tile=(784,448) offset=(-64, 20) repair-heal (great) (1.000)
[01:14:27]   23300/28800 frames, 2.8 fps, ~33.1 min left
[01:15:02]   23400/28800 frames, 2.8 fps, ~32.5 min left
[01:15:38]   23500/28800 frames, 2.8 fps, ~31.9 min left
[01:16:14]   23600/28800 frames, 2.8 fps, ~31.3 min left
[01:16:38] 023664.jpg tile=(784,448) offset=(-64, 20) repair-heal (out) (1.000)
[01:16:38] 023665.jpg tile=(784,448) offset=(-64, 20) repair-heal (out) (1.000)
[01:16:38] 023666.jpg tile=(784,448) offset=(-64, 20) repair-heal (out) (1.000)
[01:16:39] 023667.jpg tile=(896,448) offset=(48, 20) repair-heal (out) (1.000)
[01:16:39] 023668.jpg tile=(896,448) offset=(48, 20) repair-heal (out) (1.000)
[01:16:40] 023669.jpg tile=(896,448) offset=(48, 20) repair-heal (out) (1.000)
[01:16:40] 023670.jpg tile=(896,448) offset=(48, 20) repair-heal (out) (1.000)
[01:16:40] 023671.jpg tile=(896,448) offset=(48, 20) repair-heal (out) (1.000)
[01:16:41] 023672.jpg tile=(896,448) offset=(48, 20) repair-heal (out) (1.000)
[01:16:41] 023673.jpg tile=(896,448) offset=(48, 20) repair-heal (out) (1.000)
[01:16:41] 023674.jpg tile=(896,448) offset=(48, 20) repair-heal (out) (1.000)
[01:16:42] 023675.jpg tile=(896,448) offset=(48, 20) repair-heal (out) (0.999)
[01:16:42] 023676.jpg tile=(896,448) offset=(48, 20) repair-heal (great) (1.000)
[01:16:43] 023677.jpg tile=(896,448) offset=(48, 20) repair-heal (great) (1.000)
[01:16:43] 023678.jpg tile=(896,448) offset=(48, 20) repair-heal (great) (1.000)
[01:16:43] 023679.jpg tile=(896,448) offset=(48, 20) repair-heal (great) (1.000)
[01:16:44] 023680.jpg tile=(896,448) offset=(48, 20) repair-heal (great) (1.000)
[01:16:44] 023681.jpg tile=(896,448) offset=(48, 20) repair-heal (great) (1.000)
[01:16:45] 023682.jpg tile=(896,448) offset=(48, 20) repair-heal (great) (1.000)
[01:16:45] 023683.jpg tile=(896,448) offset=(48, 20) repair-heal (great) (1.000)
[01:16:51]   23700/28800 frames, 2.8 fps, ~30.7 min left
[01:17:27]   23800/28800 frames, 2.8 fps, ~30.1 min left
[01:17:46] 023852.jpg tile=(896,448) offset=(48, 20) repair-heal (out) (1.000)
[01:17:46] 023853.jpg tile=(896,448) offset=(48, 20) repair-heal (out) (1.000)
[01:17:47] 023854.jpg tile=(896,448) offset=(48, 20) repair-heal (out) (1.000)
[01:17:47] 023855.jpg tile=(896,448) offset=(48, 20) repair-heal (out) (1.000)
[01:17:47] 023856.jpg tile=(896,448) offset=(48, 20) repair-heal (out) (1.000)
[01:17:48] 023857.jpg tile=(896,448) offset=(48, 20) repair-heal (out) (1.000)
[01:17:48] 023858.jpg tile=(896,448) offset=(48, 20) repair-heal (out) (1.000)
[01:17:49] 023859.jpg tile=(896,448) offset=(48, 20) repair-heal (out) (1.000)
[01:17:49] 023860.jpg tile=(896,448) offset=(48, 20) repair-heal (out) (1.000)
[01:17:49] 023861.jpg tile=(896,448) offset=(48, 20) repair-heal (out) (1.000)
[01:17:50] 023863.jpg tile=(896,448) offset=(48, 20) repair-heal (great) (1.000)
[01:17:50] 023864.jpg tile=(896,448) offset=(48, 20) repair-heal (great) (1.000)
[01:17:51] 023865.jpg tile=(896,448) offset=(48, 20) repair-heal (great) (1.000)
[01:17:51] 023866.jpg tile=(896,448) offset=(48, 20) repair-heal (great) (1.000)
[01:17:52] 023867.jpg tile=(896,448) offset=(48, 20) repair-heal (great) (1.000)
[01:17:52] 023868.jpg tile=(896,448) offset=(48, 20) repair-heal (great) (1.000)
[01:17:52] 023869.jpg tile=(896,448) offset=(48, 20) repair-heal (great) (1.000)
[01:17:53] 023870.jpg tile=(896,448) offset=(48, 20) repair-heal (great) (1.000)
[01:17:53] 023871.jpg tile=(896,448) offset=(48, 20) repair-heal (great) (1.000)
[01:18:03]   23900/28800 frames, 2.8 fps, ~29.5 min left
[01:18:39]   24000/28800 frames, 2.8 fps, ~28.9 min left
[01:18:44] 024012.jpg tile=(896,448) offset=(48, 20) repair-heal (out) (1.000)
[01:18:44] 024013.jpg tile=(896,448) offset=(48, 20) repair-heal (out) (1.000)
[01:18:45] 024014.jpg tile=(896,448) offset=(48, 20) repair-heal (out) (1.000)
[01:18:45] 024015.jpg tile=(896,448) offset=(48, 20) repair-heal (out) (1.000)
[01:18:45] 024016.jpg tile=(896,448) offset=(48, 20) repair-heal (out) (1.000)
[01:18:46] 024017.jpg tile=(896,448) offset=(48, 20) repair-heal (out) (1.000)
[01:18:46] 024018.jpg tile=(896,448) offset=(48, 20) repair-heal (out) (1.000)
[01:18:47] 024019.jpg tile=(896,448) offset=(48, 20) repair-heal (out) (1.000)
[01:18:47] 024020.jpg tile=(896,448) offset=(48, 20) repair-heal (out) (1.000)
[01:18:47] 024021.jpg tile=(896,448) offset=(48, 20) repair-heal (out) (1.000)
[01:18:48] 024022.jpg tile=(896,448) offset=(48, 20) repair-heal (out) (0.998)
[01:18:48] 024023.jpg tile=(896,448) offset=(48, 20) repair-heal (out) (0.979)
[01:18:49] 024024.jpg tile=(896,448) offset=(48, 20) repair-heal (out) (0.966)
[01:19:15]   24100/28800 frames, 2.8 fps, ~28.3 min left
[01:19:51]   24200/28800 frames, 2.8 fps, ~27.7 min left
[01:20:27]   24300/28800 frames, 2.8 fps, ~27.1 min left
[01:21:03]   24400/28800 frames, 2.8 fps, ~26.5 min left
[01:21:39]   24500/28800 frames, 2.8 fps, ~25.9 min left
[01:22:15]   24600/28800 frames, 2.8 fps, ~25.3 min left
[01:22:50]   24700/28800 frames, 2.8 fps, ~24.7 min left
[01:23:26]   24800/28800 frames, 2.8 fps, ~24.1 min left
[01:24:02]   24900/28800 frames, 2.8 fps, ~23.5 min left
[01:24:38]   25000/28800 frames, 2.8 fps, ~22.9 min left
[01:25:14]   25100/28800 frames, 2.8 fps, ~22.3 min left
[01:25:49]   25200/28800 frames, 2.8 fps, ~21.7 min left
[01:26:25]   25300/28800 frames, 2.8 fps, ~21.1 min left
[01:27:01]   25400/28800 frames, 2.8 fps, ~20.4 min left
[01:27:37]   25500/28800 frames, 2.8 fps, ~19.8 min left
[01:28:13]   25600/28800 frames, 2.8 fps, ~19.2 min left
[01:28:49]   25700/28800 frames, 2.8 fps, ~18.6 min left
[01:29:25]   25800/28800 frames, 2.8 fps, ~18.0 min left
[01:29:38] 025834.jpg tile=(896,448) offset=(48, 20) repair-heal (out) (0.983)
[01:29:38] 025835.jpg tile=(896,448) offset=(48, 20) repair-heal (out) (0.999)
[01:29:38] 025836.jpg tile=(896,448) offset=(48, 20) repair-heal (out) (1.000)
[01:29:39] 025837.jpg tile=(896,448) offset=(48, 20) repair-heal (out) (1.000)
[01:29:39] 025838.jpg tile=(896,448) offset=(48, 20) repair-heal (out) (1.000)
[01:29:40] 025839.jpg tile=(896,448) offset=(48, 20) repair-heal (out) (1.000)
[01:29:40] 025840.jpg tile=(896,448) offset=(48, 20) repair-heal (out) (1.000)
[01:29:40] 025841.jpg tile=(896,448) offset=(48, 20) repair-heal (out) (1.000)
[01:29:41] 025842.jpg tile=(896,448) offset=(48, 20) repair-heal (out) (1.000)
[01:29:41] 025843.jpg tile=(896,448) offset=(48, 20) repair-heal (out) (1.000)
[01:29:42] 025844.jpg tile=(896,448) offset=(48, 20) repair-heal (out) (1.000)
[01:29:42] 025845.jpg tile=(896,448) offset=(48, 20) repair-heal (out) (1.000)
[01:29:42] 025846.jpg tile=(896,448) offset=(48, 20) repair-heal (out) (1.000)
[01:29:43] 025847.jpg tile=(896,448) offset=(48, 20) repair-heal (out) (1.000)
[01:29:43] 025848.jpg tile=(896,448) offset=(48, 20) repair-heal (out) (1.000)
[01:29:44] 025849.jpg tile=(896,448) offset=(48, 20) repair-heal (out) (1.000)
[01:29:44] 025850.jpg tile=(784,448) offset=(-64, 20) repair-heal (out) (1.000)
[01:29:44] 025851.jpg tile=(784,448) offset=(-64, 20) repair-heal (out) (1.000)
[01:29:45] 025852.jpg tile=(784,448) offset=(-64, 20) repair-heal (ante-frontier) (0.915)
[01:29:45] 025853.jpg tile=(784,448) offset=(-64, 20) repair-heal (great) (1.000)
[01:29:46] 025854.jpg tile=(784,448) offset=(-64, 20) repair-heal (great) (1.000)
[01:29:46] 025855.jpg tile=(784,448) offset=(-64, 20) repair-heal (great) (1.000)
[01:29:46] 025856.jpg tile=(784,448) offset=(-64, 20) repair-heal (great) (1.000)
[01:29:47] 025857.jpg tile=(784,448) offset=(-64, 20) repair-heal (great) (1.000)
[01:29:47] 025858.jpg tile=(784,448) offset=(-64, 20) repair-heal (great) (1.000)
[01:29:48] 025859.jpg tile=(784,448) offset=(-64, 20) repair-heal (great) (1.000)
[01:29:48] 025860.jpg tile=(784,448) offset=(-64, 20) repair-heal (great) (1.000)
[01:29:48] 025861.jpg tile=(784,448) offset=(-64, 20) repair-heal (great) (1.000)
[01:30:02]   25900/28800 frames, 2.8 fps, ~17.4 min left
[01:30:38]   26000/28800 frames, 2.8 fps, ~16.8 min left
[01:31:14]   26100/28800 frames, 2.8 fps, ~16.2 min left
[01:31:50]   26200/28800 frames, 2.8 fps, ~15.6 min left
[01:32:26]   26300/28800 frames, 2.8 fps, ~15.0 min left
[01:33:01]   26400/28800 frames, 2.8 fps, ~14.4 min left
[01:33:37]   26500/28800 frames, 2.8 fps, ~13.8 min left
[01:34:13]   26600/28800 frames, 2.8 fps, ~13.2 min left
[01:34:49]   26700/28800 frames, 2.8 fps, ~12.6 min left
[01:35:25]   26800/28800 frames, 2.8 fps, ~12.0 min left
[01:36:01]   26900/28800 frames, 2.8 fps, ~11.4 min left
[01:36:36]   27000/28800 frames, 2.8 fps, ~10.8 min left
[01:37:12]   27100/28800 frames, 2.8 fps, ~10.2 min left
[01:37:48]   27200/28800 frames, 2.8 fps, ~9.6 min left
[01:38:24]   27300/28800 frames, 2.8 fps, ~9.0 min left
[01:39:00]   27400/28800 frames, 2.8 fps, ~8.4 min left
[01:39:36]   27500/28800 frames, 2.8 fps, ~7.8 min left
[01:40:12]   27600/28800 frames, 2.8 fps, ~7.2 min left
[01:40:47]   27700/28800 frames, 2.8 fps, ~6.6 min left
[01:41:23]   27800/28800 frames, 2.8 fps, ~6.0 min left
[01:41:59]   27900/28800 frames, 2.8 fps, ~5.4 min left
[01:42:35]   28000/28800 frames, 2.8 fps, ~4.8 min left
[01:43:11]   28100/28800 frames, 2.8 fps, ~4.2 min left
[01:43:47]   28200/28800 frames, 2.8 fps, ~3.6 min left
[01:44:23]   28300/28800 frames, 2.8 fps, ~3.0 min left
[01:44:59]   28400/28800 frames, 2.8 fps, ~2.4 min left
[01:45:34]   28500/28800 frames, 2.8 fps, ~1.8 min left
[01:46:10]   28600/28800 frames, 2.8 fps, ~1.2 min left
[01:46:46]   28700/28800 frames, 2.8 fps, ~0.6 min left
[01:47:22]   28800/28800 frames, 2.8 fps, ~0.0 min left
[01:47:22] 
[01:47:22] scanned 28800 frames, 847 had a detection
[01:47:22] hit positions (tile origin -> frames / checks / multi-frame checks):
[01:47:24]   (896, 448)  x428 frames / 36 runs / 21 check-like  offset=(48, 20)  CENTRE  [9 run(s) dropped as static UI: no needle motion]
[01:47:25]   (784, 448)  x367 frames / 29 runs / 10 check-like  offset=(-64, 20)  CENTRE  [16 run(s) dropped as static UI: no needle motion]
[01:47:25]   (896, 336)  x40 frames / 13 runs / 0 check-like  offset=(48, -92)  CENTRE  [10 run(s) dropped as static UI: no needle motion]
[01:47:25]   (784, 336)  x8 frames / 8 runs / 0 check-like  offset=(-64, -92)  CENTRE
[01:47:25]   (0, 448)  x5 frames / 5 runs / 0 check-like  offset=(-848, 20)  OFF-CENTRE
[01:47:25] 
[01:47:25] => no multi-frame detection landed outside the production centre crop.
[01:47:25]    (5 single-frame off-centre blips ignored as probable false positives — inspect the annotated PNGs if you want to confirm)
[01:47:25] annotated frames in frames/session_20260812_193737/hits/ (originals in frames/session_20260812_193737/ are untouched)
